<!doctype html public "-//w3c//dtd html 4.0 transitional//en">
<html><head>
<title>Static Call Graph - [.\Objects\SeekFree_Kinetis.axf]</title></head>
<body><HR>
<H1>Static Call Graph for image .\Objects\SeekFree_Kinetis.axf</H1><HR>
<BR><P>#&#060CALLGRAPH&#062# ARM Linker, 5060528: Last Updated: Tue Jan 09 10:55:20 2018
<BR><P>
<H3>Maximum Stack Usage =        112 bytes + Unknown(Cycles, Untraceable Function Pointers)</H3><H3>
Call chain for Maximum Stack Depth:</H3>
main &rArr; camera_init &rArr; dma_portx2buff_init &rArr; gpio_init
<P>
<H3>
Mutually Recursive functions
</H3> <LI><a href="#[2]">HardFault_Handler</a>&nbsp;&nbsp;&nbsp;&rArr;&nbsp;&nbsp;&nbsp;<a href="#[2]">HardFault_Handler</a><BR>
 <LI><a href="#[3]">MemManage_Handler</a>&nbsp;&nbsp;&nbsp;&rArr;&nbsp;&nbsp;&nbsp;<a href="#[3]">MemManage_Handler</a><BR>
 <LI><a href="#[4]">BusFault_Handler</a>&nbsp;&nbsp;&nbsp;&rArr;&nbsp;&nbsp;&nbsp;<a href="#[4]">BusFault_Handler</a><BR>
 <LI><a href="#[5]">UsageFault_Handler</a>&nbsp;&nbsp;&nbsp;&rArr;&nbsp;&nbsp;&nbsp;<a href="#[5]">UsageFault_Handler</a><BR>
 <LI><a href="#[6]">SVC_Handler</a>&nbsp;&nbsp;&nbsp;&rArr;&nbsp;&nbsp;&nbsp;<a href="#[6]">SVC_Handler</a><BR>
 <LI><a href="#[7]">DebugMon_Handler</a>&nbsp;&nbsp;&nbsp;&rArr;&nbsp;&nbsp;&nbsp;<a href="#[7]">DebugMon_Handler</a><BR>
 <LI><a href="#[8]">PendSV_Handler</a>&nbsp;&nbsp;&nbsp;&rArr;&nbsp;&nbsp;&nbsp;<a href="#[8]">PendSV_Handler</a><BR>
 <LI><a href="#[9]">SysTick_Handler</a>&nbsp;&nbsp;&nbsp;&rArr;&nbsp;&nbsp;&nbsp;<a href="#[9]">SysTick_Handler</a><BR>
</UL>
<P>
<H3>
Function Pointers
</H3><UL>
 <LI><a href="#[31]">ADC0_IRQHandler</a> from startup_mk66f18.o(.text) referenced from startup_mk66f18.o(RESET)
 <LI><a href="#[53]">ADC1_IRQHandler</a> from startup_mk66f18.o(.text) referenced from startup_mk66f18.o(RESET)
 <LI><a href="#[4]">BusFault_Handler</a> from startup_mk66f18.o(.text) referenced from startup_mk66f18.o(RESET)
 <LI><a href="#[56]">CAN0_Bus_Off_IRQHandler</a> from startup_mk66f18.o(.text) referenced from startup_mk66f18.o(RESET)
 <LI><a href="#[57]">CAN0_Error_IRQHandler</a> from startup_mk66f18.o(.text) referenced from startup_mk66f18.o(RESET)
 <LI><a href="#[55]">CAN0_ORed_Message_buffer_IRQHandler</a> from startup_mk66f18.o(.text) referenced from startup_mk66f18.o(RESET)
 <LI><a href="#[59]">CAN0_Rx_Warning_IRQHandler</a> from startup_mk66f18.o(.text) referenced from startup_mk66f18.o(RESET)
 <LI><a href="#[58]">CAN0_Tx_Warning_IRQHandler</a> from startup_mk66f18.o(.text) referenced from startup_mk66f18.o(RESET)
 <LI><a href="#[5a]">CAN0_Wake_Up_IRQHandler</a> from startup_mk66f18.o(.text) referenced from startup_mk66f18.o(RESET)
 <LI><a href="#[69]">CAN1_Bus_Off_IRQHandler</a> from startup_mk66f18.o(.text) referenced from startup_mk66f18.o(RESET)
 <LI><a href="#[6a]">CAN1_Error_IRQHandler</a> from startup_mk66f18.o(.text) referenced from startup_mk66f18.o(RESET)
 <LI><a href="#[68]">CAN1_ORed_Message_buffer_IRQHandler</a> from startup_mk66f18.o(.text) referenced from startup_mk66f18.o(RESET)
 <LI><a href="#[6c]">CAN1_Rx_Warning_IRQHandler</a> from startup_mk66f18.o(.text) referenced from startup_mk66f18.o(RESET)
 <LI><a href="#[6b]">CAN1_Tx_Warning_IRQHandler</a> from startup_mk66f18.o(.text) referenced from startup_mk66f18.o(RESET)
 <LI><a href="#[6d]">CAN1_Wake_Up_IRQHandler</a> from startup_mk66f18.o(.text) referenced from startup_mk66f18.o(RESET)
 <LI><a href="#[32]">CMP0_IRQHandler</a> from startup_mk66f18.o(.text) referenced from startup_mk66f18.o(RESET)
 <LI><a href="#[33]">CMP1_IRQHandler</a> from startup_mk66f18.o(.text) referenced from startup_mk66f18.o(RESET)
 <LI><a href="#[50]">CMP2_IRQHandler</a> from startup_mk66f18.o(.text) referenced from startup_mk66f18.o(RESET)
 <LI><a href="#[66]">CMP3_IRQHandler</a> from startup_mk66f18.o(.text) referenced from startup_mk66f18.o(RESET)
 <LI><a href="#[37]">CMT_IRQHandler</a> from startup_mk66f18.o(.text) referenced from startup_mk66f18.o(RESET)
 <LI><a href="#[42]">DAC0_IRQHandler</a> from startup_mk66f18.o(.text) referenced from startup_mk66f18.o(RESET)
 <LI><a href="#[52]">DAC1_IRQHandler</a> from startup_mk66f18.o(.text) referenced from startup_mk66f18.o(RESET)
 <LI><a href="#[a]">DMA0_IRQHandler</a> from isr.o(i.DMA0_IRQHandler) referenced from startup_mk66f18.o(RESET)
 <LI><a href="#[14]">DMA10_IRQHandler</a> from startup_mk66f18.o(.text) referenced from startup_mk66f18.o(RESET)
 <LI><a href="#[15]">DMA11_IRQHandler</a> from startup_mk66f18.o(.text) referenced from startup_mk66f18.o(RESET)
 <LI><a href="#[16]">DMA12_IRQHandler</a> from startup_mk66f18.o(.text) referenced from startup_mk66f18.o(RESET)
 <LI><a href="#[17]">DMA13_IRQHandler</a> from startup_mk66f18.o(.text) referenced from startup_mk66f18.o(RESET)
 <LI><a href="#[18]">DMA14_IRQHandler</a> from startup_mk66f18.o(.text) referenced from startup_mk66f18.o(RESET)
 <LI><a href="#[19]">DMA15_IRQHandler</a> from startup_mk66f18.o(.text) referenced from startup_mk66f18.o(RESET)
 <LI><a href="#[b]">DMA1_IRQHandler</a> from startup_mk66f18.o(.text) referenced from startup_mk66f18.o(RESET)
 <LI><a href="#[c]">DMA2_IRQHandler</a> from startup_mk66f18.o(.text) referenced from startup_mk66f18.o(RESET)
 <LI><a href="#[d]">DMA3_IRQHandler</a> from startup_mk66f18.o(.text) referenced from startup_mk66f18.o(RESET)
 <LI><a href="#[e]">DMA4_IRQHandler</a> from startup_mk66f18.o(.text) referenced from startup_mk66f18.o(RESET)
 <LI><a href="#[f]">DMA5_IRQHandler</a> from startup_mk66f18.o(.text) referenced from startup_mk66f18.o(RESET)
 <LI><a href="#[10]">DMA6_IRQHandler</a> from startup_mk66f18.o(.text) referenced from startup_mk66f18.o(RESET)
 <LI><a href="#[11]">DMA7_IRQHandler</a> from startup_mk66f18.o(.text) referenced from startup_mk66f18.o(RESET)
 <LI><a href="#[12]">DMA8_IRQHandler</a> from startup_mk66f18.o(.text) referenced from startup_mk66f18.o(RESET)
 <LI><a href="#[13]">DMA9_IRQHandler</a> from startup_mk66f18.o(.text) referenced from startup_mk66f18.o(RESET)
 <LI><a href="#[1a]">DMA_Error_IRQHandler</a> from startup_mk66f18.o(.text) referenced from startup_mk66f18.o(RESET)
 <LI><a href="#[7]">DebugMon_Handler</a> from startup_mk66f18.o(.text) referenced from startup_mk66f18.o(RESET)
 <LI><a href="#[6e]">DefaultISR</a> from startup_mk66f18.o(.text) referenced 139 times from startup_mk66f18.o(RESET)
 <LI><a href="#[5c]">ENET_1588_Timer_IRQHandler</a> from startup_mk66f18.o(.text) referenced from startup_mk66f18.o(RESET)
 <LI><a href="#[5f]">ENET_Error_IRQHandler</a> from startup_mk66f18.o(.text) referenced from startup_mk66f18.o(RESET)
 <LI><a href="#[5e]">ENET_Receive_IRQHandler</a> from startup_mk66f18.o(.text) referenced from startup_mk66f18.o(RESET)
 <LI><a href="#[5d]">ENET_Transmit_IRQHandler</a> from startup_mk66f18.o(.text) referenced from startup_mk66f18.o(RESET)
 <LI><a href="#[1c]">FTFE_IRQHandler</a> from startup_mk66f18.o(.text) referenced from startup_mk66f18.o(RESET)
 <LI><a href="#[34]">FTM0_IRQHandler</a> from startup_mk66f18.o(.text) referenced from startup_mk66f18.o(RESET)
 <LI><a href="#[35]">FTM1_IRQHandler</a> from startup_mk66f18.o(.text) referenced from startup_mk66f18.o(RESET)
 <LI><a href="#[36]">FTM2_IRQHandler</a> from startup_mk66f18.o(.text) referenced from startup_mk66f18.o(RESET)
 <LI><a href="#[51]">FTM3_IRQHandler</a> from startup_mk66f18.o(.text) referenced from startup_mk66f18.o(RESET)
 <LI><a href="#[2]">HardFault_Handler</a> from startup_mk66f18.o(.text) referenced from startup_mk66f18.o(RESET)
 <LI><a href="#[22]">I2C0_IRQHandler</a> from startup_mk66f18.o(.text) referenced from startup_mk66f18.o(RESET)
 <LI><a href="#[23]">I2C1_IRQHandler</a> from startup_mk66f18.o(.text) referenced from startup_mk66f18.o(RESET)
 <LI><a href="#[54]">I2C2_IRQHandler</a> from startup_mk66f18.o(.text) referenced from startup_mk66f18.o(RESET)
 <LI><a href="#[65]">I2C3_IRQHandler</a> from startup_mk66f18.o(.text) referenced from startup_mk66f18.o(RESET)
 <LI><a href="#[27]">I2S0_Rx_IRQHandler</a> from startup_mk66f18.o(.text) referenced from startup_mk66f18.o(RESET)
 <LI><a href="#[26]">I2S0_Tx_IRQHandler</a> from startup_mk66f18.o(.text) referenced from startup_mk66f18.o(RESET)
 <LI><a href="#[1f]">LLWU_IRQHandler</a> from startup_mk66f18.o(.text) referenced from startup_mk66f18.o(RESET)
 <LI><a href="#[44]">LPTMR0_IRQHandler</a> from startup_mk66f18.o(.text) referenced from startup_mk66f18.o(RESET)
 <LI><a href="#[60]">LPUART0_IRQHandler</a> from startup_mk66f18.o(.text) referenced from startup_mk66f18.o(RESET)
 <LI><a href="#[1e]">LVD_LVW_IRQHandler</a> from startup_mk66f18.o(.text) referenced from startup_mk66f18.o(RESET)
 <LI><a href="#[43]">MCG_IRQHandler</a> from startup_mk66f18.o(.text) referenced from startup_mk66f18.o(RESET)
 <LI><a href="#[1b]">MCM_IRQHandler</a> from startup_mk66f18.o(.text) referenced from startup_mk66f18.o(RESET)
 <LI><a href="#[3]">MemManage_Handler</a> from startup_mk66f18.o(.text) referenced from startup_mk66f18.o(RESET)
 <LI><a href="#[1]">NMI_Handler</a> from system_mk66.o(i.NMI_Handler) referenced from startup_mk66f18.o(RESET)
 <LI><a href="#[3e]">PDB0_IRQHandler</a> from startup_mk66f18.o(.text) referenced from startup_mk66f18.o(RESET)
 <LI><a href="#[3a]">PIT0_IRQHandler</a> from isr.o(i.PIT0_IRQHandler) referenced from startup_mk66f18.o(RESET)
 <LI><a href="#[3b]">PIT1_IRQHandler</a> from startup_mk66f18.o(.text) referenced from startup_mk66f18.o(RESET)
 <LI><a href="#[3c]">PIT2_IRQHandler</a> from startup_mk66f18.o(.text) referenced from startup_mk66f18.o(RESET)
 <LI><a href="#[3d]">PIT3_IRQHandler</a> from startup_mk66f18.o(.text) referenced from startup_mk66f18.o(RESET)
 <LI><a href="#[45]">PORTA_IRQHandler</a> from isr.o(i.PORTA_IRQHandler) referenced from startup_mk66f18.o(RESET)
 <LI><a href="#[46]">PORTB_IRQHandler</a> from startup_mk66f18.o(.text) referenced from startup_mk66f18.o(RESET)
 <LI><a href="#[47]">PORTC_IRQHandler</a> from isr.o(i.PORTC_IRQHandler) referenced from startup_mk66f18.o(RESET)
 <LI><a href="#[48]">PORTD_IRQHandler</a> from startup_mk66f18.o(.text) referenced from startup_mk66f18.o(RESET)
 <LI><a href="#[49]">PORTE_IRQHandler</a> from startup_mk66f18.o(.text) referenced from startup_mk66f18.o(RESET)
 <LI><a href="#[8]">PendSV_Handler</a> from startup_mk66f18.o(.text) referenced from startup_mk66f18.o(RESET)
 <LI><a href="#[21]">RNG_IRQHandler</a> from startup_mk66f18.o(.text) referenced from startup_mk66f18.o(RESET)
 <LI><a href="#[38]">RTC_IRQHandler</a> from startup_mk66f18.o(.text) referenced from startup_mk66f18.o(RESET)
 <LI><a href="#[39]">RTC_Seconds_IRQHandler</a> from startup_mk66f18.o(.text) referenced from startup_mk66f18.o(RESET)
 <LI><a href="#[1d]">Read_Collision_IRQHandler</a> from startup_mk66f18.o(.text) referenced from startup_mk66f18.o(RESET)
 <LI><a href="#[28]">Reserved46_IRQHandler</a> from startup_mk66f18.o(.text) referenced from startup_mk66f18.o(RESET)
 <LI><a href="#[41]">Reserved71_IRQHandler</a> from startup_mk66f18.o(.text) referenced from startup_mk66f18.o(RESET)
 <LI><a href="#[4e]">Reserved84_IRQHandler</a> from startup_mk66f18.o(.text) referenced from startup_mk66f18.o(RESET)
 <LI><a href="#[4f]">Reserved85_IRQHandler</a> from startup_mk66f18.o(.text) referenced from startup_mk66f18.o(RESET)
 <LI><a href="#[0]">Reset_Handler</a> from startup_mk66f18.o(.text) referenced from startup_mk66f18.o(RESET)
 <LI><a href="#[5b]">SDHC_IRQHandler</a> from startup_mk66f18.o(.text) referenced from startup_mk66f18.o(RESET)
 <LI><a href="#[24]">SPI0_IRQHandler</a> from startup_mk66f18.o(.text) referenced from startup_mk66f18.o(RESET)
 <LI><a href="#[25]">SPI1_IRQHandler</a> from startup_mk66f18.o(.text) referenced from startup_mk66f18.o(RESET)
 <LI><a href="#[4b]">SPI2_IRQHandler</a> from startup_mk66f18.o(.text) referenced from startup_mk66f18.o(RESET)
 <LI><a href="#[6]">SVC_Handler</a> from startup_mk66f18.o(.text) referenced from startup_mk66f18.o(RESET)
 <LI><a href="#[4a]">SWI_IRQHandler</a> from startup_mk66f18.o(.text) referenced from startup_mk66f18.o(RESET)
 <LI><a href="#[70]">Start</a> from system_mk66.o(i.Start) referenced from startup_mk66f18.o(.text)
 <LI><a href="#[9]">SysTick_Handler</a> from startup_mk66f18.o(.text) referenced from startup_mk66f18.o(RESET)
 <LI><a href="#[62]">TPM1_IRQHandler</a> from startup_mk66f18.o(.text) referenced from startup_mk66f18.o(RESET)
 <LI><a href="#[63]">TPM2_IRQHandler</a> from startup_mk66f18.o(.text) referenced from startup_mk66f18.o(RESET)
 <LI><a href="#[61]">TSI0_IRQHandler</a> from startup_mk66f18.o(.text) referenced from startup_mk66f18.o(RESET)
 <LI><a href="#[2a]">UART0_ERR_IRQHandler</a> from startup_mk66f18.o(.text) referenced from startup_mk66f18.o(RESET)
 <LI><a href="#[29]">UART0_RX_TX_IRQHandler</a> from startup_mk66f18.o(.text) referenced from startup_mk66f18.o(RESET)
 <LI><a href="#[2c]">UART1_ERR_IRQHandler</a> from startup_mk66f18.o(.text) referenced from startup_mk66f18.o(RESET)
 <LI><a href="#[2b]">UART1_RX_TX_IRQHandler</a> from startup_mk66f18.o(.text) referenced from startup_mk66f18.o(RESET)
 <LI><a href="#[2e]">UART2_ERR_IRQHandler</a> from startup_mk66f18.o(.text) referenced from startup_mk66f18.o(RESET)
 <LI><a href="#[2d]">UART2_RX_TX_IRQHandler</a> from startup_mk66f18.o(.text) referenced from startup_mk66f18.o(RESET)
 <LI><a href="#[30]">UART3_ERR_IRQHandler</a> from startup_mk66f18.o(.text) referenced from startup_mk66f18.o(RESET)
 <LI><a href="#[2f]">UART3_RX_TX_IRQHandler</a> from isr.o(i.UART3_RX_TX_IRQHandler) referenced from startup_mk66f18.o(RESET)
 <LI><a href="#[4d]">UART4_ERR_IRQHandler</a> from startup_mk66f18.o(.text) referenced from startup_mk66f18.o(RESET)
 <LI><a href="#[4c]">UART4_RX_TX_IRQHandler</a> from startup_mk66f18.o(.text) referenced from startup_mk66f18.o(RESET)
 <LI><a href="#[3f]">USB0_IRQHandler</a> from startup_mk66f18.o(.text) referenced from startup_mk66f18.o(RESET)
 <LI><a href="#[40]">USBDCD_IRQHandler</a> from startup_mk66f18.o(.text) referenced from startup_mk66f18.o(RESET)
 <LI><a href="#[64]">USBHSDCD_IRQHandler</a> from startup_mk66f18.o(.text) referenced from startup_mk66f18.o(RESET)
 <LI><a href="#[67]">USBHS_IRQHandler</a> from startup_mk66f18.o(.text) referenced from startup_mk66f18.o(RESET)
 <LI><a href="#[5]">UsageFault_Handler</a> from startup_mk66f18.o(.text) referenced from startup_mk66f18.o(RESET)
 <LI><a href="#[20]">WDOG_EWM_IRQHandler</a> from startup_mk66f18.o(.text) referenced from startup_mk66f18.o(RESET)
 <LI><a href="#[71]">__main</a> from entry.o(.ARM.Collect$$$$00000000) referenced from startup_mk66f18.o(.text)
 <LI><a href="#[6f]">main</a> from main.o(i.main) referenced from entry9a.o(.ARM.Collect$$$$0000000B)
</UL>
<P>
<H3>
Global Symbols
</H3>
<P><STRONG><a name="[71]"></a>__main</STRONG> (Thumb, 0 bytes, Stack size unknown bytes, entry.o(.ARM.Collect$$$$00000000))
<BR>[Address Reference Count : 1]<UL><LI> startup_mk66f18.o(.text)
</UL>
<P><STRONG><a name="[8b]"></a>_main_stk</STRONG> (Thumb, 0 bytes, Stack size unknown bytes, entry2.o(.ARM.Collect$$$$00000001))

<P><STRONG><a name="[72]"></a>_main_scatterload</STRONG> (Thumb, 0 bytes, Stack size unknown bytes, entry5.o(.ARM.Collect$$$$00000004))
<BR><BR>[Calls]<UL><LI><a href="#[73]">&gt;&gt;</a>&nbsp;&nbsp;&nbsp;__scatterload
</UL>

<P><STRONG><a name="[74]"></a>__main_after_scatterload</STRONG> (Thumb, 0 bytes, Stack size unknown bytes, entry5.o(.ARM.Collect$$$$00000004))
<BR><BR>[Called By]<UL><LI><a href="#[73]">&gt;&gt;</a>&nbsp;&nbsp;&nbsp;__scatterload
</UL>

<P><STRONG><a name="[8c]"></a>_main_clock</STRONG> (Thumb, 0 bytes, Stack size unknown bytes, entry7b.o(.ARM.Collect$$$$00000008))

<P><STRONG><a name="[8d]"></a>_main_cpp_init</STRONG> (Thumb, 0 bytes, Stack size unknown bytes, entry8b.o(.ARM.Collect$$$$0000000A))

<P><STRONG><a name="[8e]"></a>_main_init</STRONG> (Thumb, 0 bytes, Stack size unknown bytes, entry9a.o(.ARM.Collect$$$$0000000B))

<P><STRONG><a name="[8f]"></a>__rt_final_cpp</STRONG> (Thumb, 0 bytes, Stack size unknown bytes, entry10a.o(.ARM.Collect$$$$0000000D))

<P><STRONG><a name="[90]"></a>__rt_final_exit</STRONG> (Thumb, 0 bytes, Stack size unknown bytes, entry11a.o(.ARM.Collect$$$$0000000F))

<P><STRONG><a name="[0]"></a>Reset_Handler</STRONG> (Thumb, 12 bytes, Stack size 0 bytes, startup_mk66f18.o(.text))
<BR>[Address Reference Count : 1]<UL><LI> startup_mk66f18.o(RESET)
</UL>
<P><STRONG><a name="[2]"></a>HardFault_Handler</STRONG> (Thumb, 2 bytes, Stack size 0 bytes, startup_mk66f18.o(.text))
<BR><BR>[Calls]<UL><LI><a href="#[2]">&gt;&gt;</a>&nbsp;&nbsp;&nbsp;HardFault_Handler
</UL>
<BR>[Called By]<UL><LI><a href="#[2]">&gt;&gt;</a>&nbsp;&nbsp;&nbsp;HardFault_Handler
</UL>
<BR>[Address Reference Count : 1]<UL><LI> startup_mk66f18.o(RESET)
</UL>
<P><STRONG><a name="[3]"></a>MemManage_Handler</STRONG> (Thumb, 2 bytes, Stack size 0 bytes, startup_mk66f18.o(.text))
<BR><BR>[Calls]<UL><LI><a href="#[3]">&gt;&gt;</a>&nbsp;&nbsp;&nbsp;MemManage_Handler
</UL>
<BR>[Called By]<UL><LI><a href="#[3]">&gt;&gt;</a>&nbsp;&nbsp;&nbsp;MemManage_Handler
</UL>
<BR>[Address Reference Count : 1]<UL><LI> startup_mk66f18.o(RESET)
</UL>
<P><STRONG><a name="[4]"></a>BusFault_Handler</STRONG> (Thumb, 2 bytes, Stack size 0 bytes, startup_mk66f18.o(.text))
<BR><BR>[Calls]<UL><LI><a href="#[4]">&gt;&gt;</a>&nbsp;&nbsp;&nbsp;BusFault_Handler
</UL>
<BR>[Called By]<UL><LI><a href="#[4]">&gt;&gt;</a>&nbsp;&nbsp;&nbsp;BusFault_Handler
</UL>
<BR>[Address Reference Count : 1]<UL><LI> startup_mk66f18.o(RESET)
</UL>
<P><STRONG><a name="[5]"></a>UsageFault_Handler</STRONG> (Thumb, 2 bytes, Stack size 0 bytes, startup_mk66f18.o(.text))
<BR><BR>[Calls]<UL><LI><a href="#[5]">&gt;&gt;</a>&nbsp;&nbsp;&nbsp;UsageFault_Handler
</UL>
<BR>[Called By]<UL><LI><a href="#[5]">&gt;&gt;</a>&nbsp;&nbsp;&nbsp;UsageFault_Handler
</UL>
<BR>[Address Reference Count : 1]<UL><LI> startup_mk66f18.o(RESET)
</UL>
<P><STRONG><a name="[6]"></a>SVC_Handler</STRONG> (Thumb, 2 bytes, Stack size 0 bytes, startup_mk66f18.o(.text))
<BR><BR>[Calls]<UL><LI><a href="#[6]">&gt;&gt;</a>&nbsp;&nbsp;&nbsp;SVC_Handler
</UL>
<BR>[Called By]<UL><LI><a href="#[6]">&gt;&gt;</a>&nbsp;&nbsp;&nbsp;SVC_Handler
</UL>
<BR>[Address Reference Count : 1]<UL><LI> startup_mk66f18.o(RESET)
</UL>
<P><STRONG><a name="[7]"></a>DebugMon_Handler</STRONG> (Thumb, 2 bytes, Stack size 0 bytes, startup_mk66f18.o(.text))
<BR><BR>[Calls]<UL><LI><a href="#[7]">&gt;&gt;</a>&nbsp;&nbsp;&nbsp;DebugMon_Handler
</UL>
<BR>[Called By]<UL><LI><a href="#[7]">&gt;&gt;</a>&nbsp;&nbsp;&nbsp;DebugMon_Handler
</UL>
<BR>[Address Reference Count : 1]<UL><LI> startup_mk66f18.o(RESET)
</UL>
<P><STRONG><a name="[8]"></a>PendSV_Handler</STRONG> (Thumb, 2 bytes, Stack size 0 bytes, startup_mk66f18.o(.text))
<BR><BR>[Calls]<UL><LI><a href="#[8]">&gt;&gt;</a>&nbsp;&nbsp;&nbsp;PendSV_Handler
</UL>
<BR>[Called By]<UL><LI><a href="#[8]">&gt;&gt;</a>&nbsp;&nbsp;&nbsp;PendSV_Handler
</UL>
<BR>[Address Reference Count : 1]<UL><LI> startup_mk66f18.o(RESET)
</UL>
<P><STRONG><a name="[9]"></a>SysTick_Handler</STRONG> (Thumb, 2 bytes, Stack size 0 bytes, startup_mk66f18.o(.text))
<BR><BR>[Calls]<UL><LI><a href="#[9]">&gt;&gt;</a>&nbsp;&nbsp;&nbsp;SysTick_Handler
</UL>
<BR>[Called By]<UL><LI><a href="#[9]">&gt;&gt;</a>&nbsp;&nbsp;&nbsp;SysTick_Handler
</UL>
<BR>[Address Reference Count : 1]<UL><LI> startup_mk66f18.o(RESET)
</UL>
<P><STRONG><a name="[31]"></a>ADC0_IRQHandler</STRONG> (Thumb, 0 bytes, Stack size 0 bytes, startup_mk66f18.o(.text))
<BR><BR>[Calls]<UL><LI><a href="#[6e]">&gt;&gt;</a>&nbsp;&nbsp;&nbsp;DefaultISR
</UL>
<BR>[Address Reference Count : 1]<UL><LI> startup_mk66f18.o(RESET)
</UL>
<P><STRONG><a name="[53]"></a>ADC1_IRQHandler</STRONG> (Thumb, 0 bytes, Stack size 0 bytes, startup_mk66f18.o(.text))
<BR>[Address Reference Count : 1]<UL><LI> startup_mk66f18.o(RESET)
</UL>
<P><STRONG><a name="[56]"></a>CAN0_Bus_Off_IRQHandler</STRONG> (Thumb, 0 bytes, Stack size 0 bytes, startup_mk66f18.o(.text))
<BR>[Address Reference Count : 1]<UL><LI> startup_mk66f18.o(RESET)
</UL>
<P><STRONG><a name="[57]"></a>CAN0_Error_IRQHandler</STRONG> (Thumb, 0 bytes, Stack size 0 bytes, startup_mk66f18.o(.text))
<BR>[Address Reference Count : 1]<UL><LI> startup_mk66f18.o(RESET)
</UL>
<P><STRONG><a name="[55]"></a>CAN0_ORed_Message_buffer_IRQHandler</STRONG> (Thumb, 0 bytes, Stack size 0 bytes, startup_mk66f18.o(.text))
<BR>[Address Reference Count : 1]<UL><LI> startup_mk66f18.o(RESET)
</UL>
<P><STRONG><a name="[59]"></a>CAN0_Rx_Warning_IRQHandler</STRONG> (Thumb, 0 bytes, Stack size 0 bytes, startup_mk66f18.o(.text))
<BR>[Address Reference Count : 1]<UL><LI> startup_mk66f18.o(RESET)
</UL>
<P><STRONG><a name="[58]"></a>CAN0_Tx_Warning_IRQHandler</STRONG> (Thumb, 0 bytes, Stack size 0 bytes, startup_mk66f18.o(.text))
<BR>[Address Reference Count : 1]<UL><LI> startup_mk66f18.o(RESET)
</UL>
<P><STRONG><a name="[5a]"></a>CAN0_Wake_Up_IRQHandler</STRONG> (Thumb, 0 bytes, Stack size 0 bytes, startup_mk66f18.o(.text))
<BR>[Address Reference Count : 1]<UL><LI> startup_mk66f18.o(RESET)
</UL>
<P><STRONG><a name="[69]"></a>CAN1_Bus_Off_IRQHandler</STRONG> (Thumb, 0 bytes, Stack size 0 bytes, startup_mk66f18.o(.text))
<BR>[Address Reference Count : 1]<UL><LI> startup_mk66f18.o(RESET)
</UL>
<P><STRONG><a name="[6a]"></a>CAN1_Error_IRQHandler</STRONG> (Thumb, 0 bytes, Stack size 0 bytes, startup_mk66f18.o(.text))
<BR>[Address Reference Count : 1]<UL><LI> startup_mk66f18.o(RESET)
</UL>
<P><STRONG><a name="[68]"></a>CAN1_ORed_Message_buffer_IRQHandler</STRONG> (Thumb, 0 bytes, Stack size 0 bytes, startup_mk66f18.o(.text))
<BR>[Address Reference Count : 1]<UL><LI> startup_mk66f18.o(RESET)
</UL>
<P><STRONG><a name="[6c]"></a>CAN1_Rx_Warning_IRQHandler</STRONG> (Thumb, 0 bytes, Stack size 0 bytes, startup_mk66f18.o(.text))
<BR>[Address Reference Count : 1]<UL><LI> startup_mk66f18.o(RESET)
</UL>
<P><STRONG><a name="[6b]"></a>CAN1_Tx_Warning_IRQHandler</STRONG> (Thumb, 0 bytes, Stack size 0 bytes, startup_mk66f18.o(.text))
<BR>[Address Reference Count : 1]<UL><LI> startup_mk66f18.o(RESET)
</UL>
<P><STRONG><a name="[6d]"></a>CAN1_Wake_Up_IRQHandler</STRONG> (Thumb, 0 bytes, Stack size 0 bytes, startup_mk66f18.o(.text))
<BR>[Address Reference Count : 1]<UL><LI> startup_mk66f18.o(RESET)
</UL>
<P><STRONG><a name="[32]"></a>CMP0_IRQHandler</STRONG> (Thumb, 0 bytes, Stack size 0 bytes, startup_mk66f18.o(.text))
<BR>[Address Reference Count : 1]<UL><LI> startup_mk66f18.o(RESET)
</UL>
<P><STRONG><a name="[33]"></a>CMP1_IRQHandler</STRONG> (Thumb, 0 bytes, Stack size 0 bytes, startup_mk66f18.o(.text))
<BR>[Address Reference Count : 1]<UL><LI> startup_mk66f18.o(RESET)
</UL>
<P><STRONG><a name="[50]"></a>CMP2_IRQHandler</STRONG> (Thumb, 0 bytes, Stack size 0 bytes, startup_mk66f18.o(.text))
<BR>[Address Reference Count : 1]<UL><LI> startup_mk66f18.o(RESET)
</UL>
<P><STRONG><a name="[66]"></a>CMP3_IRQHandler</STRONG> (Thumb, 0 bytes, Stack size 0 bytes, startup_mk66f18.o(.text))
<BR>[Address Reference Count : 1]<UL><LI> startup_mk66f18.o(RESET)
</UL>
<P><STRONG><a name="[37]"></a>CMT_IRQHandler</STRONG> (Thumb, 0 bytes, Stack size 0 bytes, startup_mk66f18.o(.text))
<BR>[Address Reference Count : 1]<UL><LI> startup_mk66f18.o(RESET)
</UL>
<P><STRONG><a name="[42]"></a>DAC0_IRQHandler</STRONG> (Thumb, 0 bytes, Stack size 0 bytes, startup_mk66f18.o(.text))
<BR>[Address Reference Count : 1]<UL><LI> startup_mk66f18.o(RESET)
</UL>
<P><STRONG><a name="[52]"></a>DAC1_IRQHandler</STRONG> (Thumb, 0 bytes, Stack size 0 bytes, startup_mk66f18.o(.text))
<BR>[Address Reference Count : 1]<UL><LI> startup_mk66f18.o(RESET)
</UL>
<P><STRONG><a name="[14]"></a>DMA10_IRQHandler</STRONG> (Thumb, 0 bytes, Stack size 0 bytes, startup_mk66f18.o(.text))
<BR>[Address Reference Count : 1]<UL><LI> startup_mk66f18.o(RESET)
</UL>
<P><STRONG><a name="[15]"></a>DMA11_IRQHandler</STRONG> (Thumb, 0 bytes, Stack size 0 bytes, startup_mk66f18.o(.text))
<BR>[Address Reference Count : 1]<UL><LI> startup_mk66f18.o(RESET)
</UL>
<P><STRONG><a name="[16]"></a>DMA12_IRQHandler</STRONG> (Thumb, 0 bytes, Stack size 0 bytes, startup_mk66f18.o(.text))
<BR>[Address Reference Count : 1]<UL><LI> startup_mk66f18.o(RESET)
</UL>
<P><STRONG><a name="[17]"></a>DMA13_IRQHandler</STRONG> (Thumb, 0 bytes, Stack size 0 bytes, startup_mk66f18.o(.text))
<BR>[Address Reference Count : 1]<UL><LI> startup_mk66f18.o(RESET)
</UL>
<P><STRONG><a name="[18]"></a>DMA14_IRQHandler</STRONG> (Thumb, 0 bytes, Stack size 0 bytes, startup_mk66f18.o(.text))
<BR>[Address Reference Count : 1]<UL><LI> startup_mk66f18.o(RESET)
</UL>
<P><STRONG><a name="[19]"></a>DMA15_IRQHandler</STRONG> (Thumb, 0 bytes, Stack size 0 bytes, startup_mk66f18.o(.text))
<BR>[Address Reference Count : 1]<UL><LI> startup_mk66f18.o(RESET)
</UL>
<P><STRONG><a name="[b]"></a>DMA1_IRQHandler</STRONG> (Thumb, 0 bytes, Stack size 0 bytes, startup_mk66f18.o(.text))
<BR>[Address Reference Count : 1]<UL><LI> startup_mk66f18.o(RESET)
</UL>
<P><STRONG><a name="[c]"></a>DMA2_IRQHandler</STRONG> (Thumb, 0 bytes, Stack size 0 bytes, startup_mk66f18.o(.text))
<BR>[Address Reference Count : 1]<UL><LI> startup_mk66f18.o(RESET)
</UL>
<P><STRONG><a name="[d]"></a>DMA3_IRQHandler</STRONG> (Thumb, 0 bytes, Stack size 0 bytes, startup_mk66f18.o(.text))
<BR>[Address Reference Count : 1]<UL><LI> startup_mk66f18.o(RESET)
</UL>
<P><STRONG><a name="[e]"></a>DMA4_IRQHandler</STRONG> (Thumb, 0 bytes, Stack size 0 bytes, startup_mk66f18.o(.text))
<BR>[Address Reference Count : 1]<UL><LI> startup_mk66f18.o(RESET)
</UL>
<P><STRONG><a name="[f]"></a>DMA5_IRQHandler</STRONG> (Thumb, 0 bytes, Stack size 0 bytes, startup_mk66f18.o(.text))
<BR>[Address Reference Count : 1]<UL><LI> startup_mk66f18.o(RESET)
</UL>
<P><STRONG><a name="[10]"></a>DMA6_IRQHandler</STRONG> (Thumb, 0 bytes, Stack size 0 bytes, startup_mk66f18.o(.text))
<BR>[Address Reference Count : 1]<UL><LI> startup_mk66f18.o(RESET)
</UL>
<P><STRONG><a name="[11]"></a>DMA7_IRQHandler</STRONG> (Thumb, 0 bytes, Stack size 0 bytes, startup_mk66f18.o(.text))
<BR>[Address Reference Count : 1]<UL><LI> startup_mk66f18.o(RESET)
</UL>
<P><STRONG><a name="[12]"></a>DMA8_IRQHandler</STRONG> (Thumb, 0 bytes, Stack size 0 bytes, startup_mk66f18.o(.text))
<BR>[Address Reference Count : 1]<UL><LI> startup_mk66f18.o(RESET)
</UL>
<P><STRONG><a name="[13]"></a>DMA9_IRQHandler</STRONG> (Thumb, 0 bytes, Stack size 0 bytes, startup_mk66f18.o(.text))
<BR>[Address Reference Count : 1]<UL><LI> startup_mk66f18.o(RESET)
</UL>
<P><STRONG><a name="[1a]"></a>DMA_Error_IRQHandler</STRONG> (Thumb, 0 bytes, Stack size 0 bytes, startup_mk66f18.o(.text))
<BR>[Address Reference Count : 1]<UL><LI> startup_mk66f18.o(RESET)
</UL>
<P><STRONG><a name="[6e]"></a>DefaultISR</STRONG> (Thumb, 0 bytes, Stack size 0 bytes, startup_mk66f18.o(.text))
<BR><BR>[Called By]<UL><LI><a href="#[31]">&gt;&gt;</a>&nbsp;&nbsp;&nbsp;ADC0_IRQHandler
</UL>
<BR>[Address Reference Count : 1]<UL><LI> startup_mk66f18.o(RESET)
</UL>
<P><STRONG><a name="[5c]"></a>ENET_1588_Timer_IRQHandler</STRONG> (Thumb, 0 bytes, Stack size 0 bytes, startup_mk66f18.o(.text))
<BR>[Address Reference Count : 1]<UL><LI> startup_mk66f18.o(RESET)
</UL>
<P><STRONG><a name="[5f]"></a>ENET_Error_IRQHandler</STRONG> (Thumb, 0 bytes, Stack size 0 bytes, startup_mk66f18.o(.text))
<BR>[Address Reference Count : 1]<UL><LI> startup_mk66f18.o(RESET)
</UL>
<P><STRONG><a name="[5e]"></a>ENET_Receive_IRQHandler</STRONG> (Thumb, 0 bytes, Stack size 0 bytes, startup_mk66f18.o(.text))
<BR>[Address Reference Count : 1]<UL><LI> startup_mk66f18.o(RESET)
</UL>
<P><STRONG><a name="[5d]"></a>ENET_Transmit_IRQHandler</STRONG> (Thumb, 0 bytes, Stack size 0 bytes, startup_mk66f18.o(.text))
<BR>[Address Reference Count : 1]<UL><LI> startup_mk66f18.o(RESET)
</UL>
<P><STRONG><a name="[1c]"></a>FTFE_IRQHandler</STRONG> (Thumb, 0 bytes, Stack size 0 bytes, startup_mk66f18.o(.text))
<BR>[Address Reference Count : 1]<UL><LI> startup_mk66f18.o(RESET)
</UL>
<P><STRONG><a name="[34]"></a>FTM0_IRQHandler</STRONG> (Thumb, 0 bytes, Stack size 0 bytes, startup_mk66f18.o(.text))
<BR>[Address Reference Count : 1]<UL><LI> startup_mk66f18.o(RESET)
</UL>
<P><STRONG><a name="[35]"></a>FTM1_IRQHandler</STRONG> (Thumb, 0 bytes, Stack size 0 bytes, startup_mk66f18.o(.text))
<BR>[Address Reference Count : 1]<UL><LI> startup_mk66f18.o(RESET)
</UL>
<P><STRONG><a name="[36]"></a>FTM2_IRQHandler</STRONG> (Thumb, 0 bytes, Stack size 0 bytes, startup_mk66f18.o(.text))
<BR>[Address Reference Count : 1]<UL><LI> startup_mk66f18.o(RESET)
</UL>
<P><STRONG><a name="[51]"></a>FTM3_IRQHandler</STRONG> (Thumb, 0 bytes, Stack size 0 bytes, startup_mk66f18.o(.text))
<BR>[Address Reference Count : 1]<UL><LI> startup_mk66f18.o(RESET)
</UL>
<P><STRONG><a name="[22]"></a>I2C0_IRQHandler</STRONG> (Thumb, 0 bytes, Stack size 0 bytes, startup_mk66f18.o(.text))
<BR>[Address Reference Count : 1]<UL><LI> startup_mk66f18.o(RESET)
</UL>
<P><STRONG><a name="[23]"></a>I2C1_IRQHandler</STRONG> (Thumb, 0 bytes, Stack size 0 bytes, startup_mk66f18.o(.text))
<BR>[Address Reference Count : 1]<UL><LI> startup_mk66f18.o(RESET)
</UL>
<P><STRONG><a name="[54]"></a>I2C2_IRQHandler</STRONG> (Thumb, 0 bytes, Stack size 0 bytes, startup_mk66f18.o(.text))
<BR>[Address Reference Count : 1]<UL><LI> startup_mk66f18.o(RESET)
</UL>
<P><STRONG><a name="[65]"></a>I2C3_IRQHandler</STRONG> (Thumb, 0 bytes, Stack size 0 bytes, startup_mk66f18.o(.text))
<BR>[Address Reference Count : 1]<UL><LI> startup_mk66f18.o(RESET)
</UL>
<P><STRONG><a name="[27]"></a>I2S0_Rx_IRQHandler</STRONG> (Thumb, 0 bytes, Stack size 0 bytes, startup_mk66f18.o(.text))
<BR>[Address Reference Count : 1]<UL><LI> startup_mk66f18.o(RESET)
</UL>
<P><STRONG><a name="[26]"></a>I2S0_Tx_IRQHandler</STRONG> (Thumb, 0 bytes, Stack size 0 bytes, startup_mk66f18.o(.text))
<BR>[Address Reference Count : 1]<UL><LI> startup_mk66f18.o(RESET)
</UL>
<P><STRONG><a name="[1f]"></a>LLWU_IRQHandler</STRONG> (Thumb, 0 bytes, Stack size 0 bytes, startup_mk66f18.o(.text))
<BR>[Address Reference Count : 1]<UL><LI> startup_mk66f18.o(RESET)
</UL>
<P><STRONG><a name="[44]"></a>LPTMR0_IRQHandler</STRONG> (Thumb, 0 bytes, Stack size 0 bytes, startup_mk66f18.o(.text))
<BR>[Address Reference Count : 1]<UL><LI> startup_mk66f18.o(RESET)
</UL>
<P><STRONG><a name="[60]"></a>LPUART0_IRQHandler</STRONG> (Thumb, 0 bytes, Stack size 0 bytes, startup_mk66f18.o(.text))
<BR>[Address Reference Count : 1]<UL><LI> startup_mk66f18.o(RESET)
</UL>
<P><STRONG><a name="[1e]"></a>LVD_LVW_IRQHandler</STRONG> (Thumb, 0 bytes, Stack size 0 bytes, startup_mk66f18.o(.text))
<BR>[Address Reference Count : 1]<UL><LI> startup_mk66f18.o(RESET)
</UL>
<P><STRONG><a name="[43]"></a>MCG_IRQHandler</STRONG> (Thumb, 0 bytes, Stack size 0 bytes, startup_mk66f18.o(.text))
<BR>[Address Reference Count : 1]<UL><LI> startup_mk66f18.o(RESET)
</UL>
<P><STRONG><a name="[1b]"></a>MCM_IRQHandler</STRONG> (Thumb, 0 bytes, Stack size 0 bytes, startup_mk66f18.o(.text))
<BR>[Address Reference Count : 1]<UL><LI> startup_mk66f18.o(RESET)
</UL>
<P><STRONG><a name="[3e]"></a>PDB0_IRQHandler</STRONG> (Thumb, 0 bytes, Stack size 0 bytes, startup_mk66f18.o(.text))
<BR>[Address Reference Count : 1]<UL><LI> startup_mk66f18.o(RESET)
</UL>
<P><STRONG><a name="[3b]"></a>PIT1_IRQHandler</STRONG> (Thumb, 0 bytes, Stack size 0 bytes, startup_mk66f18.o(.text))
<BR>[Address Reference Count : 1]<UL><LI> startup_mk66f18.o(RESET)
</UL>
<P><STRONG><a name="[3c]"></a>PIT2_IRQHandler</STRONG> (Thumb, 0 bytes, Stack size 0 bytes, startup_mk66f18.o(.text))
<BR>[Address Reference Count : 1]<UL><LI> startup_mk66f18.o(RESET)
</UL>
<P><STRONG><a name="[3d]"></a>PIT3_IRQHandler</STRONG> (Thumb, 0 bytes, Stack size 0 bytes, startup_mk66f18.o(.text))
<BR>[Address Reference Count : 1]<UL><LI> startup_mk66f18.o(RESET)
</UL>
<P><STRONG><a name="[46]"></a>PORTB_IRQHandler</STRONG> (Thumb, 0 bytes, Stack size 0 bytes, startup_mk66f18.o(.text))
<BR>[Address Reference Count : 1]<UL><LI> startup_mk66f18.o(RESET)
</UL>
<P><STRONG><a name="[48]"></a>PORTD_IRQHandler</STRONG> (Thumb, 0 bytes, Stack size 0 bytes, startup_mk66f18.o(.text))
<BR>[Address Reference Count : 1]<UL><LI> startup_mk66f18.o(RESET)
</UL>
<P><STRONG><a name="[49]"></a>PORTE_IRQHandler</STRONG> (Thumb, 0 bytes, Stack size 0 bytes, startup_mk66f18.o(.text))
<BR>[Address Reference Count : 1]<UL><LI> startup_mk66f18.o(RESET)
</UL>
<P><STRONG><a name="[21]"></a>RNG_IRQHandler</STRONG> (Thumb, 0 bytes, Stack size 0 bytes, startup_mk66f18.o(.text))
<BR>[Address Reference Count : 1]<UL><LI> startup_mk66f18.o(RESET)
</UL>
<P><STRONG><a name="[38]"></a>RTC_IRQHandler</STRONG> (Thumb, 0 bytes, Stack size 0 bytes, startup_mk66f18.o(.text))
<BR>[Address Reference Count : 1]<UL><LI> startup_mk66f18.o(RESET)
</UL>
<P><STRONG><a name="[39]"></a>RTC_Seconds_IRQHandler</STRONG> (Thumb, 0 bytes, Stack size 0 bytes, startup_mk66f18.o(.text))
<BR>[Address Reference Count : 1]<UL><LI> startup_mk66f18.o(RESET)
</UL>
<P><STRONG><a name="[1d]"></a>Read_Collision_IRQHandler</STRONG> (Thumb, 0 bytes, Stack size 0 bytes, startup_mk66f18.o(.text))
<BR>[Address Reference Count : 1]<UL><LI> startup_mk66f18.o(RESET)
</UL>
<P><STRONG><a name="[28]"></a>Reserved46_IRQHandler</STRONG> (Thumb, 0 bytes, Stack size 0 bytes, startup_mk66f18.o(.text))
<BR>[Address Reference Count : 1]<UL><LI> startup_mk66f18.o(RESET)
</UL>
<P><STRONG><a name="[41]"></a>Reserved71_IRQHandler</STRONG> (Thumb, 0 bytes, Stack size 0 bytes, startup_mk66f18.o(.text))
<BR>[Address Reference Count : 1]<UL><LI> startup_mk66f18.o(RESET)
</UL>
<P><STRONG><a name="[4e]"></a>Reserved84_IRQHandler</STRONG> (Thumb, 0 bytes, Stack size 0 bytes, startup_mk66f18.o(.text))
<BR>[Address Reference Count : 1]<UL><LI> startup_mk66f18.o(RESET)
</UL>
<P><STRONG><a name="[4f]"></a>Reserved85_IRQHandler</STRONG> (Thumb, 0 bytes, Stack size 0 bytes, startup_mk66f18.o(.text))
<BR>[Address Reference Count : 1]<UL><LI> startup_mk66f18.o(RESET)
</UL>
<P><STRONG><a name="[5b]"></a>SDHC_IRQHandler</STRONG> (Thumb, 0 bytes, Stack size 0 bytes, startup_mk66f18.o(.text))
<BR>[Address Reference Count : 1]<UL><LI> startup_mk66f18.o(RESET)
</UL>
<P><STRONG><a name="[24]"></a>SPI0_IRQHandler</STRONG> (Thumb, 0 bytes, Stack size 0 bytes, startup_mk66f18.o(.text))
<BR>[Address Reference Count : 1]<UL><LI> startup_mk66f18.o(RESET)
</UL>
<P><STRONG><a name="[25]"></a>SPI1_IRQHandler</STRONG> (Thumb, 0 bytes, Stack size 0 bytes, startup_mk66f18.o(.text))
<BR>[Address Reference Count : 1]<UL><LI> startup_mk66f18.o(RESET)
</UL>
<P><STRONG><a name="[4b]"></a>SPI2_IRQHandler</STRONG> (Thumb, 0 bytes, Stack size 0 bytes, startup_mk66f18.o(.text))
<BR>[Address Reference Count : 1]<UL><LI> startup_mk66f18.o(RESET)
</UL>
<P><STRONG><a name="[4a]"></a>SWI_IRQHandler</STRONG> (Thumb, 0 bytes, Stack size 0 bytes, startup_mk66f18.o(.text))
<BR>[Address Reference Count : 1]<UL><LI> startup_mk66f18.o(RESET)
</UL>
<P><STRONG><a name="[62]"></a>TPM1_IRQHandler</STRONG> (Thumb, 0 bytes, Stack size 0 bytes, startup_mk66f18.o(.text))
<BR>[Address Reference Count : 1]<UL><LI> startup_mk66f18.o(RESET)
</UL>
<P><STRONG><a name="[63]"></a>TPM2_IRQHandler</STRONG> (Thumb, 0 bytes, Stack size 0 bytes, startup_mk66f18.o(.text))
<BR>[Address Reference Count : 1]<UL><LI> startup_mk66f18.o(RESET)
</UL>
<P><STRONG><a name="[61]"></a>TSI0_IRQHandler</STRONG> (Thumb, 0 bytes, Stack size 0 bytes, startup_mk66f18.o(.text))
<BR>[Address Reference Count : 1]<UL><LI> startup_mk66f18.o(RESET)
</UL>
<P><STRONG><a name="[2a]"></a>UART0_ERR_IRQHandler</STRONG> (Thumb, 0 bytes, Stack size 0 bytes, startup_mk66f18.o(.text))
<BR>[Address Reference Count : 1]<UL><LI> startup_mk66f18.o(RESET)
</UL>
<P><STRONG><a name="[29]"></a>UART0_RX_TX_IRQHandler</STRONG> (Thumb, 0 bytes, Stack size 0 bytes, startup_mk66f18.o(.text))
<BR>[Address Reference Count : 1]<UL><LI> startup_mk66f18.o(RESET)
</UL>
<P><STRONG><a name="[2c]"></a>UART1_ERR_IRQHandler</STRONG> (Thumb, 0 bytes, Stack size 0 bytes, startup_mk66f18.o(.text))
<BR>[Address Reference Count : 1]<UL><LI> startup_mk66f18.o(RESET)
</UL>
<P><STRONG><a name="[2b]"></a>UART1_RX_TX_IRQHandler</STRONG> (Thumb, 0 bytes, Stack size 0 bytes, startup_mk66f18.o(.text))
<BR>[Address Reference Count : 1]<UL><LI> startup_mk66f18.o(RESET)
</UL>
<P><STRONG><a name="[2e]"></a>UART2_ERR_IRQHandler</STRONG> (Thumb, 0 bytes, Stack size 0 bytes, startup_mk66f18.o(.text))
<BR>[Address Reference Count : 1]<UL><LI> startup_mk66f18.o(RESET)
</UL>
<P><STRONG><a name="[2d]"></a>UART2_RX_TX_IRQHandler</STRONG> (Thumb, 0 bytes, Stack size 0 bytes, startup_mk66f18.o(.text))
<BR>[Address Reference Count : 1]<UL><LI> startup_mk66f18.o(RESET)
</UL>
<P><STRONG><a name="[30]"></a>UART3_ERR_IRQHandler</STRONG> (Thumb, 0 bytes, Stack size 0 bytes, startup_mk66f18.o(.text))
<BR>[Address Reference Count : 1]<UL><LI> startup_mk66f18.o(RESET)
</UL>
<P><STRONG><a name="[4d]"></a>UART4_ERR_IRQHandler</STRONG> (Thumb, 0 bytes, Stack size 0 bytes, startup_mk66f18.o(.text))
<BR>[Address Reference Count : 1]<UL><LI> startup_mk66f18.o(RESET)
</UL>
<P><STRONG><a name="[4c]"></a>UART4_RX_TX_IRQHandler</STRONG> (Thumb, 0 bytes, Stack size 0 bytes, startup_mk66f18.o(.text))
<BR>[Address Reference Count : 1]<UL><LI> startup_mk66f18.o(RESET)
</UL>
<P><STRONG><a name="[3f]"></a>USB0_IRQHandler</STRONG> (Thumb, 0 bytes, Stack size 0 bytes, startup_mk66f18.o(.text))
<BR>[Address Reference Count : 1]<UL><LI> startup_mk66f18.o(RESET)
</UL>
<P><STRONG><a name="[40]"></a>USBDCD_IRQHandler</STRONG> (Thumb, 0 bytes, Stack size 0 bytes, startup_mk66f18.o(.text))
<BR>[Address Reference Count : 1]<UL><LI> startup_mk66f18.o(RESET)
</UL>
<P><STRONG><a name="[64]"></a>USBHSDCD_IRQHandler</STRONG> (Thumb, 0 bytes, Stack size 0 bytes, startup_mk66f18.o(.text))
<BR>[Address Reference Count : 1]<UL><LI> startup_mk66f18.o(RESET)
</UL>
<P><STRONG><a name="[67]"></a>USBHS_IRQHandler</STRONG> (Thumb, 0 bytes, Stack size 0 bytes, startup_mk66f18.o(.text))
<BR>[Address Reference Count : 1]<UL><LI> startup_mk66f18.o(RESET)
</UL>
<P><STRONG><a name="[20]"></a>WDOG_EWM_IRQHandler</STRONG> (Thumb, 0 bytes, Stack size 0 bytes, startup_mk66f18.o(.text))
<BR>[Address Reference Count : 1]<UL><LI> startup_mk66f18.o(RESET)
</UL>
<P><STRONG><a name="[73]"></a>__scatterload</STRONG> (Thumb, 28 bytes, Stack size 0 bytes, init.o(.text))
<BR><BR>[Calls]<UL><LI><a href="#[74]">&gt;&gt;</a>&nbsp;&nbsp;&nbsp;__main_after_scatterload
</UL>
<BR>[Called By]<UL><LI><a href="#[72]">&gt;&gt;</a>&nbsp;&nbsp;&nbsp;_main_scatterload
</UL>

<P><STRONG><a name="[91]"></a>__scatterload_rt2</STRONG> (Thumb, 0 bytes, Stack size 0 bytes, init.o(.text), UNUSED)

<P><STRONG><a name="[a]"></a>DMA0_IRQHandler</STRONG> (Thumb, 20 bytes, Stack size 8 bytes, isr.o(i.DMA0_IRQHandler))
<BR><BR>[Stack]<UL><LI>Max Depth = 8<LI>Call Chain = DMA0_IRQHandler
</UL>
<BR>[Calls]<UL><LI><a href="#[75]">&gt;&gt;</a>&nbsp;&nbsp;&nbsp;row_finished
</UL>
<BR>[Address Reference Count : 1]<UL><LI> startup_mk66f18.o(RESET)
</UL>
<P><STRONG><a name="[79]"></a>Disable_Wdog</STRONG> (Thumb, 22 bytes, Stack size 0 bytes, system_mk66.o(i.Disable_Wdog))
<BR><BR>[Called By]<UL><LI><a href="#[70]">&gt;&gt;</a>&nbsp;&nbsp;&nbsp;Start
</UL>

<P><STRONG><a name="[1]"></a>NMI_Handler</STRONG> (Thumb, 2 bytes, Stack size 0 bytes, system_mk66.o(i.NMI_Handler))
<BR>[Address Reference Count : 1]<UL><LI> startup_mk66f18.o(RESET)
</UL>
<P><STRONG><a name="[3a]"></a>PIT0_IRQHandler</STRONG> (Thumb, 14 bytes, Stack size 0 bytes, isr.o(i.PIT0_IRQHandler))
<BR>[Address Reference Count : 1]<UL><LI> startup_mk66f18.o(RESET)
</UL>
<P><STRONG><a name="[45]"></a>PORTA_IRQHandler</STRONG> (Thumb, 10 bytes, Stack size 0 bytes, isr.o(i.PORTA_IRQHandler))
<BR>[Address Reference Count : 1]<UL><LI> startup_mk66f18.o(RESET)
</UL>
<P><STRONG><a name="[47]"></a>PORTC_IRQHandler</STRONG> (Thumb, 16 bytes, Stack size 8 bytes, isr.o(i.PORTC_IRQHandler))
<BR><BR>[Stack]<UL><LI>Max Depth = 20<LI>Call Chain = PORTC_IRQHandler &rArr; VSYNC
</UL>
<BR>[Calls]<UL><LI><a href="#[76]">&gt;&gt;</a>&nbsp;&nbsp;&nbsp;VSYNC
</UL>
<BR>[Address Reference Count : 1]<UL><LI> startup_mk66f18.o(RESET)
</UL>
<P><STRONG><a name="[77]"></a>SYSTEM_CLK</STRONG> (Thumb, 170 bytes, Stack size 8 bytes, system_mk66.o(i.SYSTEM_CLK))
<BR><BR>[Stack]<UL><LI>Max Depth = 8<LI>Call Chain = SYSTEM_CLK
</UL>
<BR>[Calls]<UL><LI><a href="#[78]">&gt;&gt;</a>&nbsp;&nbsp;&nbsp;div_set
</UL>
<BR>[Called By]<UL><LI><a href="#[70]">&gt;&gt;</a>&nbsp;&nbsp;&nbsp;Start
</UL>

<P><STRONG><a name="[70]"></a>Start</STRONG> (Thumb, 34 bytes, Stack size 8 bytes, system_mk66.o(i.Start))
<BR><BR>[Stack]<UL><LI>Max Depth = 32<LI>Call Chain = Start &rArr; gpio_init
</UL>
<BR>[Calls]<UL><LI><a href="#[7a]">&gt;&gt;</a>&nbsp;&nbsp;&nbsp;gpio_init
<LI><a href="#[77]">&gt;&gt;</a>&nbsp;&nbsp;&nbsp;SYSTEM_CLK
<LI><a href="#[79]">&gt;&gt;</a>&nbsp;&nbsp;&nbsp;Disable_Wdog
</UL>
<BR>[Address Reference Count : 1]<UL><LI> startup_mk66f18.o(.text)
</UL>
<P><STRONG><a name="[2f]"></a>UART3_RX_TX_IRQHandler</STRONG> (Thumb, 22 bytes, Stack size 8 bytes, isr.o(i.UART3_RX_TX_IRQHandler))
<BR><BR>[Stack]<UL><LI>Max Depth = 16<LI>Call Chain = UART3_RX_TX_IRQHandler &rArr; mt9v032_cof_uart_interrupt
</UL>
<BR>[Calls]<UL><LI><a href="#[7b]">&gt;&gt;</a>&nbsp;&nbsp;&nbsp;mt9v032_cof_uart_interrupt
</UL>
<BR>[Address Reference Count : 1]<UL><LI> startup_mk66f18.o(RESET)
</UL>
<P><STRONG><a name="[76]"></a>VSYNC</STRONG> (Thumb, 72 bytes, Stack size 12 bytes, seekfree_mt9v032.o(i.VSYNC))
<BR><BR>[Stack]<UL><LI>Max Depth = 12<LI>Call Chain = VSYNC
</UL>
<BR>[Called By]<UL><LI><a href="#[47]">&gt;&gt;</a>&nbsp;&nbsp;&nbsp;PORTC_IRQHandler
</UL>

<P><STRONG><a name="[92]"></a>__scatterload_copy</STRONG> (Thumb, 14 bytes, Stack size unknown bytes, handlers.o(i.__scatterload_copy), UNUSED)

<P><STRONG><a name="[93]"></a>__scatterload_null</STRONG> (Thumb, 2 bytes, Stack size unknown bytes, handlers.o(i.__scatterload_null), UNUSED)

<P><STRONG><a name="[94]"></a>__scatterload_zeroinit</STRONG> (Thumb, 14 bytes, Stack size unknown bytes, handlers.o(i.__scatterload_zeroinit), UNUSED)

<P><STRONG><a name="[7c]"></a>camera_init</STRONG> (Thumb, 284 bytes, Stack size 32 bytes, seekfree_mt9v032.o(i.camera_init))
<BR><BR>[Stack]<UL><LI>Max Depth = 112<LI>Call Chain = camera_init &rArr; dma_portx2buff_init &rArr; gpio_init
</UL>
<BR>[Calls]<UL><LI><a href="#[82]">&gt;&gt;</a>&nbsp;&nbsp;&nbsp;dma_portx2buff_init
<LI><a href="#[83]">&gt;&gt;</a>&nbsp;&nbsp;&nbsp;port_init
<LI><a href="#[7d]">&gt;&gt;</a>&nbsp;&nbsp;&nbsp;uart_init
<LI><a href="#[7e]">&gt;&gt;</a>&nbsp;&nbsp;&nbsp;uart_rx_irq_en
<LI><a href="#[80]">&gt;&gt;</a>&nbsp;&nbsp;&nbsp;uart_putbuff
<LI><a href="#[7f]">&gt;&gt;</a>&nbsp;&nbsp;&nbsp;systick_delay_ms
<LI><a href="#[81]">&gt;&gt;</a>&nbsp;&nbsp;&nbsp;get_config
<LI><a href="#[84]">&gt;&gt;</a>&nbsp;&nbsp;&nbsp;NVIC_EnableIRQ
</UL>
<BR>[Called By]<UL><LI><a href="#[6f]">&gt;&gt;</a>&nbsp;&nbsp;&nbsp;main
</UL>

<P><STRONG><a name="[78]"></a>div_set</STRONG> (Thumb, 68 bytes, Stack size 0 bytes, system_mk66.o(i.div_set))
<BR><BR>[Called By]<UL><LI><a href="#[77]">&gt;&gt;</a>&nbsp;&nbsp;&nbsp;SYSTEM_CLK
</UL>

<P><STRONG><a name="[82]"></a>dma_portx2buff_init</STRONG> (Thumb, 398 bytes, Stack size 56 bytes, mk60_dma.o(i.dma_portx2buff_init))
<BR><BR>[Stack]<UL><LI>Max Depth = 80<LI>Call Chain = dma_portx2buff_init &rArr; gpio_init
</UL>
<BR>[Calls]<UL><LI><a href="#[83]">&gt;&gt;</a>&nbsp;&nbsp;&nbsp;port_init
<LI><a href="#[7a]">&gt;&gt;</a>&nbsp;&nbsp;&nbsp;gpio_init
</UL>
<BR>[Called By]<UL><LI><a href="#[7c]">&gt;&gt;</a>&nbsp;&nbsp;&nbsp;camera_init
</UL>

<P><STRONG><a name="[85]"></a>get_clk</STRONG> (Thumb, 94 bytes, Stack size 8 bytes, common.o(i.get_clk))
<BR><BR>[Stack]<UL><LI>Max Depth = 52<LI>Call Chain = get_clk &rArr; uart_init &rArr; port_init
</UL>
<BR>[Calls]<UL><LI><a href="#[7d]">&gt;&gt;</a>&nbsp;&nbsp;&nbsp;uart_init
</UL>
<BR>[Called By]<UL><LI><a href="#[6f]">&gt;&gt;</a>&nbsp;&nbsp;&nbsp;main
</UL>

<P><STRONG><a name="[81]"></a>get_config</STRONG> (Thumb, 96 bytes, Stack size 16 bytes, seekfree_mt9v032.o(i.get_config))
<BR><BR>[Stack]<UL><LI>Max Depth = 28<LI>Call Chain = get_config &rArr; uart_putbuff
</UL>
<BR>[Calls]<UL><LI><a href="#[80]">&gt;&gt;</a>&nbsp;&nbsp;&nbsp;uart_putbuff
</UL>
<BR>[Called By]<UL><LI><a href="#[7c]">&gt;&gt;</a>&nbsp;&nbsp;&nbsp;camera_init
</UL>

<P><STRONG><a name="[7a]"></a>gpio_init</STRONG> (Thumb, 200 bytes, Stack size 24 bytes, mk60_gpio.o(i.gpio_init))
<BR><BR>[Stack]<UL><LI>Max Depth = 24<LI>Call Chain = gpio_init
</UL>
<BR>[Called By]<UL><LI><a href="#[82]">&gt;&gt;</a>&nbsp;&nbsp;&nbsp;dma_portx2buff_init
<LI><a href="#[70]">&gt;&gt;</a>&nbsp;&nbsp;&nbsp;Start
</UL>

<P><STRONG><a name="[6f]"></a>main</STRONG> (Thumb, 48 bytes, Stack size 0 bytes, main.o(i.main))
<BR><BR>[Stack]<UL><LI>Max Depth = 112<LI>Call Chain = main &rArr; camera_init &rArr; dma_portx2buff_init &rArr; gpio_init
</UL>
<BR>[Calls]<UL><LI><a href="#[7d]">&gt;&gt;</a>&nbsp;&nbsp;&nbsp;uart_init
<LI><a href="#[85]">&gt;&gt;</a>&nbsp;&nbsp;&nbsp;get_clk
<LI><a href="#[86]">&gt;&gt;</a>&nbsp;&nbsp;&nbsp;seekfree_sendimg_032
<LI><a href="#[7c]">&gt;&gt;</a>&nbsp;&nbsp;&nbsp;camera_init
<LI><a href="#[7f]">&gt;&gt;</a>&nbsp;&nbsp;&nbsp;systick_delay_ms
</UL>
<BR>[Address Reference Count : 1]<UL><LI> entry9a.o(.ARM.Collect$$$$0000000B)
</UL>
<P><STRONG><a name="[7b]"></a>mt9v032_cof_uart_interrupt</STRONG> (Thumb, 68 bytes, Stack size 8 bytes, seekfree_mt9v032.o(i.mt9v032_cof_uart_interrupt))
<BR><BR>[Stack]<UL><LI>Max Depth = 8<LI>Call Chain = mt9v032_cof_uart_interrupt
</UL>
<BR>[Calls]<UL><LI><a href="#[87]">&gt;&gt;</a>&nbsp;&nbsp;&nbsp;uart_getchar
</UL>
<BR>[Called By]<UL><LI><a href="#[2f]">&gt;&gt;</a>&nbsp;&nbsp;&nbsp;UART3_RX_TX_IRQHandler
</UL>

<P><STRONG><a name="[83]"></a>port_init</STRONG> (Thumb, 102 bytes, Stack size 20 bytes, mk60_port.o(i.port_init))
<BR><BR>[Stack]<UL><LI>Max Depth = 20<LI>Call Chain = port_init
</UL>
<BR>[Called By]<UL><LI><a href="#[82]">&gt;&gt;</a>&nbsp;&nbsp;&nbsp;dma_portx2buff_init
<LI><a href="#[7d]">&gt;&gt;</a>&nbsp;&nbsp;&nbsp;uart_init
<LI><a href="#[7c]">&gt;&gt;</a>&nbsp;&nbsp;&nbsp;camera_init
</UL>

<P><STRONG><a name="[75]"></a>row_finished</STRONG> (Thumb, 8 bytes, Stack size 0 bytes, seekfree_mt9v032.o(i.row_finished))
<BR><BR>[Called By]<UL><LI><a href="#[a]">&gt;&gt;</a>&nbsp;&nbsp;&nbsp;DMA0_IRQHandler
</UL>

<P><STRONG><a name="[86]"></a>seekfree_sendimg_032</STRONG> (Thumb, 48 bytes, Stack size 8 bytes, seekfree_mt9v032.o(i.seekfree_sendimg_032))
<BR><BR>[Stack]<UL><LI>Max Depth = 20<LI>Call Chain = seekfree_sendimg_032 &rArr; uart_putbuff
</UL>
<BR>[Calls]<UL><LI><a href="#[88]">&gt;&gt;</a>&nbsp;&nbsp;&nbsp;uart_putchar
<LI><a href="#[80]">&gt;&gt;</a>&nbsp;&nbsp;&nbsp;uart_putbuff
</UL>
<BR>[Called By]<UL><LI><a href="#[6f]">&gt;&gt;</a>&nbsp;&nbsp;&nbsp;main
</UL>

<P><STRONG><a name="[89]"></a>systick_delay</STRONG> (Thumb, 44 bytes, Stack size 0 bytes, mk60_systick.o(i.systick_delay))
<BR><BR>[Called By]<UL><LI><a href="#[7f]">&gt;&gt;</a>&nbsp;&nbsp;&nbsp;systick_delay_ms
</UL>

<P><STRONG><a name="[7f]"></a>systick_delay_ms</STRONG> (Thumb, 32 bytes, Stack size 4 bytes, mk60_systick.o(i.systick_delay_ms))
<BR><BR>[Stack]<UL><LI>Max Depth = 4<LI>Call Chain = systick_delay_ms
</UL>
<BR>[Calls]<UL><LI><a href="#[89]">&gt;&gt;</a>&nbsp;&nbsp;&nbsp;systick_delay
</UL>
<BR>[Called By]<UL><LI><a href="#[7c]">&gt;&gt;</a>&nbsp;&nbsp;&nbsp;camera_init
<LI><a href="#[6f]">&gt;&gt;</a>&nbsp;&nbsp;&nbsp;main
</UL>

<P><STRONG><a name="[87]"></a>uart_getchar</STRONG> (Thumb, 30 bytes, Stack size 0 bytes, mk60_uart.o(i.uart_getchar))
<BR><BR>[Called By]<UL><LI><a href="#[7b]">&gt;&gt;</a>&nbsp;&nbsp;&nbsp;mt9v032_cof_uart_interrupt
</UL>

<P><STRONG><a name="[7d]"></a>uart_init</STRONG> (Thumb, 452 bytes, Stack size 24 bytes, mk60_uart.o(i.uart_init))
<BR><BR>[Stack]<UL><LI>Max Depth = 44<LI>Call Chain = uart_init &rArr; port_init
</UL>
<BR>[Calls]<UL><LI><a href="#[83]">&gt;&gt;</a>&nbsp;&nbsp;&nbsp;port_init
</UL>
<BR>[Called By]<UL><LI><a href="#[85]">&gt;&gt;</a>&nbsp;&nbsp;&nbsp;get_clk
<LI><a href="#[7c]">&gt;&gt;</a>&nbsp;&nbsp;&nbsp;camera_init
<LI><a href="#[6f]">&gt;&gt;</a>&nbsp;&nbsp;&nbsp;main
</UL>

<P><STRONG><a name="[80]"></a>uart_putbuff</STRONG> (Thumb, 30 bytes, Stack size 12 bytes, mk60_uart.o(i.uart_putbuff))
<BR><BR>[Stack]<UL><LI>Max Depth = 12<LI>Call Chain = uart_putbuff
</UL>
<BR>[Calls]<UL><LI><a href="#[88]">&gt;&gt;</a>&nbsp;&nbsp;&nbsp;uart_putchar
</UL>
<BR>[Called By]<UL><LI><a href="#[86]">&gt;&gt;</a>&nbsp;&nbsp;&nbsp;seekfree_sendimg_032
<LI><a href="#[7c]">&gt;&gt;</a>&nbsp;&nbsp;&nbsp;camera_init
<LI><a href="#[81]">&gt;&gt;</a>&nbsp;&nbsp;&nbsp;get_config
</UL>

<P><STRONG><a name="[88]"></a>uart_putchar</STRONG> (Thumb, 28 bytes, Stack size 0 bytes, mk60_uart.o(i.uart_putchar))
<BR><BR>[Called By]<UL><LI><a href="#[86]">&gt;&gt;</a>&nbsp;&nbsp;&nbsp;seekfree_sendimg_032
<LI><a href="#[80]">&gt;&gt;</a>&nbsp;&nbsp;&nbsp;uart_putbuff
</UL>

<P><STRONG><a name="[7e]"></a>uart_rx_irq_en</STRONG> (Thumb, 38 bytes, Stack size 8 bytes, mk60_uart.o(i.uart_rx_irq_en))
<BR><BR>[Stack]<UL><LI>Max Depth = 8<LI>Call Chain = uart_rx_irq_en
</UL>
<BR>[Calls]<UL><LI><a href="#[8a]">&gt;&gt;</a>&nbsp;&nbsp;&nbsp;NVIC_EnableIRQ
</UL>
<BR>[Called By]<UL><LI><a href="#[7c]">&gt;&gt;</a>&nbsp;&nbsp;&nbsp;camera_init
</UL>
<P>
<H3>
Local Symbols
</H3>
<P><STRONG><a name="[8a]"></a>NVIC_EnableIRQ</STRONG> (Thumb, 22 bytes, Stack size 0 bytes, mk60_uart.o(i.NVIC_EnableIRQ))
<BR><BR>[Called By]<UL><LI><a href="#[7e]">&gt;&gt;</a>&nbsp;&nbsp;&nbsp;uart_rx_irq_en
</UL>

<P><STRONG><a name="[84]"></a>NVIC_EnableIRQ</STRONG> (Thumb, 22 bytes, Stack size 0 bytes, seekfree_mt9v032.o(i.NVIC_EnableIRQ))
<BR><BR>[Called By]<UL><LI><a href="#[7c]">&gt;&gt;</a>&nbsp;&nbsp;&nbsp;camera_init
</UL>
<P>
<H3>
Undefined Global Symbols
</H3><HR></body></html>
