<html>
<body>
<pre>
<h1>礦ision Build Log</h1>
<h2>Tool Versions:</h2>
IDE-Version: μVision V5.24.2.0
Copyright (C) 2017 ARM Ltd and ARM Germany GmbH. All rights reserved.
License Information: 与 SEEKFREE, 好看, LIC=DSN01-C531W-68QFC-75CB5-7QG6B-9G0EM
 
Tool Versions:
Toolchain:       MDK-ARM Professional  Version: 5.24.1
Toolchain Path:  D:\professional software\Keil_v5\ARM\ARMCC\Bin
C Compiler:      Armcc.exe V5.06 update 5 (build 528)
Assembler:       Armasm.exe V5.06 update 5 (build 528)
Linker/Locator:  ArmLink.exe V5.06 update 5 (build 528)
Library Manager: ArmAr.exe V5.06 update 5 (build 528)
Hex Converter:   FromElf.exe V5.06 update 5 (build 528)
CPU DLL:         SARMCM3.DLL V5.24.1
Dialog DLL:      DCM.DLL V1.16.0.0
Target DLL:      Segger\JL2CM3.dll V2.99.26.0
Dialog DLL:      TCM.DLL V1.32.0.0
 
<h2>Project:</h2>
E:\work\seekfree\freescale_work\单片机库开发\K66库编写\逐飞科技_K66库\Projecct\MDK\SeekFree_Kinetis.uvprojx
Project File Date:  01/09/2018

<h2>Output:</h2>
*** Using Compiler 'V5.06 update 5 (build 528)', folder: 'D:\professional software\Keil_v5\ARM\ARMCC\Bin'
Build target 'SeekFree_MK66FX'
assembling startup_MK66F18.s...
compiling common.c...
compiling misc.c...
compiling system_MK66.c...
compiling MK60_adc.c...
compiling MK60_dac.c...
compiling MK60_cmt.c...
compiling MK60_dma.c...
compiling MK60_flash.c...
compiling MK60_ftm.c...
compiling MK60_gpio.c...
compiling MK60_lptmr.c...
compiling MK60_i2c.c...
compiling MK60_pit.c...
compiling MK60_rtc.c...
compiling MK60_port.c...
compiling MK60_systick.c...
compiling MK60_spi.c...
compiling MK60_sdhc.c...
compiling MK60_uart.c...
compiling MK60_wdog.c...
compiling isr.c...
compiling main.c...
compiling SEEKFREE_18TFT.c...
compiling SEEKFREE_7725.c...
compiling SEEKFREE_FUN.c...
compiling SEEKFREE_IIC.c...
compiling SEEKFREE_L3G4200D.c...
compiling SEEKFREE_MT9V032.c...
compiling SEEKFREE_MPU6050.c...
compiling SEEKFREE_MMA8451.c...
compiling SEEKFREE_TSL1401.c...
compiling SEEKFREE_OLED.c...
compiling SEEKFREE_NRF24L01.c...
compiling ff.c...
compiling diskio.c...
linking...
Program Size: Code=2908 RO-data=1136 RW-data=112 ZI-data=23584  
".\Objects\SeekFree_Kinetis.axf" - 0 Error(s), 0 Warning(s).

<h2>Software Packages used:</h2>

Package Vendor: Keil
                http://www.keil.com/pack/Keil.Kinetis_K60_DFP.1.4.0.pack
                Keil.Kinetis_K60_DFP.1.4.0
                Freescale Kinetis K60 Series Device Support and Examples

<h2>Collection of Component include folders:</h2>
  .\RTE\_SeekFree_MK66FX
  D:\professional software\Keil_v5\ARM\PACK\Keil\Kinetis_K60_DFP\1.4.0\Device\Include

<h2>Collection of Component Files used:</h2>
Build Time Elapsed:  00:00:27
</pre>
</body>
</html>
