Component: ARM Compiler 5.06 update 5 (build 528) Tool: armlink [4d35e2]

==============================================================================

Section Cross References

    startup_mk66f18.o(RESET) refers to startup_mk66f18.o(STACK) for __initial_sp
    startup_mk66f18.o(RESET) refers to startup_mk66f18.o(.text) for Reset_Handler
    startup_mk66f18.o(RESET) refers to system_mk66.o(i.NMI_Handler) for NMI_Handler
    startup_mk66f18.o(RESET) refers to isr.o(i.DMA0_IRQHandler) for DMA0_IRQHandler
    startup_mk66f18.o(RESET) refers to isr.o(i.UART3_RX_TX_IRQHandler) for UART3_RX_TX_IRQHandler
    startup_mk66f18.o(RESET) refers to isr.o(i.PIT0_IRQHandler) for PIT0_IRQHandler
    startup_mk66f18.o(RESET) refers to isr.o(i.PORTA_IRQHandler) for PORTA_IRQHandler
    startup_mk66f18.o(RESET) refers to isr.o(i.PORTC_IRQHandler) for PORTC_IRQHandler
    startup_mk66f18.o(.text) refers to system_mk66.o(i.Start) for Start
    startup_mk66f18.o(.text) refers to entry.o(.ARM.Collect$$$$00000000) for __main
    system_mk66.o(i.SYSTEM_CLK) refers to system_mk66.o(i.div_set) for div_set
    system_mk66.o(i.Start) refers to system_mk66.o(i.Disable_Wdog) for Disable_Wdog
    system_mk66.o(i.Start) refers to system_mk66.o(i.SYSTEM_CLK) for SYSTEM_CLK
    system_mk66.o(i.Start) refers to mk60_gpio.o(i.gpio_init) for gpio_init
    common.o(i.get_clk) refers to mk60_uart.o(i.uart_init) for uart_init
    common.o(i.get_clk) refers to common.o(.data) for mcgout_clk_mhz
    mk60_adc.o(i.adc_init) refers to mk60_port.o(i.port_init) for port_init
    mk60_adc.o(i.adc_once) refers to mk60_adc.o(i.adc_start) for adc_start
    mk60_adc.o(i.adc_once) refers to mk60_adc.o(.constdata) for ADCX
    mk60_adc.o(i.adc_start) refers to mk60_adc.o(.constdata) for ADCX
    mk60_adc.o(i.adc_stop) refers to mk60_adc.o(.constdata) for ADCX
    mk60_cmt.o(i.cmt_pwm_duty) refers to mk60_cmt.o(.data) for cmt_period
    mk60_cmt.o(i.cmt_pwm_freq) refers to common.o(.data) for bus_clk_mhz
    mk60_cmt.o(i.cmt_pwm_freq) refers to mk60_cmt.o(.data) for cmt_period
    mk60_cmt.o(i.cmt_pwm_init) refers to mk60_port.o(i.port_init) for port_init
    mk60_cmt.o(i.cmt_pwm_init) refers to common.o(.data) for bus_clk_mhz
    mk60_cmt.o(i.cmt_pwm_init) refers to mk60_cmt.o(.data) for cmt_period
    mk60_dac.o(i.dac_init) refers to mk60_dac.o(.constdata) for DACX
    mk60_dac.o(i.dac_out) refers to mk60_dac.o(.constdata) for DACX
    mk60_dma.o(i.dma_portx2buff_init) refers to mk60_port.o(i.port_init) for port_init
    mk60_dma.o(i.dma_portx2buff_init) refers to mk60_gpio.o(i.gpio_init) for gpio_init
    mk60_flash.o(i.FLASH_EraseSector) refers to mk60_flash.o(i.FlashCmdStart) for FlashCmdStart
    mk60_flash.o(i.FLASH_WriteSector) refers to mk60_flash.o(i.FlashCmdStart) for FlashCmdStart
    mk60_flash.o(i.FlashCmdStart) refers to mk60_flash.o(.data) for s_flash_command_run
    mk60_ftm.o(i.FTM_port_mux) refers to mk60_port.o(i.port_init) for port_init
    mk60_ftm.o(i.ftm_input_clean) refers to mk60_ftm.o(.constdata) for FTMX
    mk60_ftm.o(i.ftm_input_get) refers to mk60_ftm.o(.constdata) for FTMX
    mk60_ftm.o(i.ftm_input_init) refers to mk60_ftm.o(i.FTM_port_mux) for FTM_port_mux
    mk60_ftm.o(i.ftm_input_init) refers to mk60_ftm.o(.constdata) for FTMX
    mk60_ftm.o(i.ftm_input_init) refers to common.o(.data) for bus_clk_mhz
    mk60_ftm.o(i.ftm_pwm_duty) refers to mk60_ftm.o(.data) for period
    mk60_ftm.o(i.ftm_pwm_duty) refers to mk60_ftm.o(.constdata) for FTMX
    mk60_ftm.o(i.ftm_pwm_freq) refers to common.o(.data) for bus_clk_mhz
    mk60_ftm.o(i.ftm_pwm_freq) refers to mk60_ftm.o(.data) for period
    mk60_ftm.o(i.ftm_pwm_freq) refers to mk60_ftm.o(.constdata) for FTMX
    mk60_ftm.o(i.ftm_pwm_init) refers to mk60_ftm.o(i.FTM_port_mux) for FTM_port_mux
    mk60_ftm.o(i.ftm_pwm_init) refers to common.o(.data) for bus_clk_mhz
    mk60_ftm.o(i.ftm_pwm_init) refers to mk60_ftm.o(.data) for period
    mk60_ftm.o(i.ftm_pwm_init) refers to mk60_ftm.o(.constdata) for FTMX
    mk60_ftm.o(i.ftm_quad_clean) refers to mk60_ftm.o(.constdata) for FTMX
    mk60_ftm.o(i.ftm_quad_get) refers to mk60_ftm.o(.constdata) for FTMX
    mk60_ftm.o(i.ftm_quad_init) refers to mk60_port.o(i.port_init) for port_init
    mk60_ftm.o(i.ftm_quad_init) refers to mk60_ftm.o(.constdata) for FTMX
    mk60_gpio.o(i.gpio_ddr) refers to mk60_gpio.o(.constdata) for GPIOX
    mk60_gpio.o(i.gpio_get) refers to mk60_gpio.o(.constdata) for GPIOX
    mk60_gpio.o(i.gpio_init) refers to mk60_gpio.o(.constdata) for PORTX
    mk60_gpio.o(i.gpio_set) refers to mk60_gpio.o(.constdata) for GPIOX
    mk60_gpio.o(i.gpio_turn) refers to mk60_gpio.o(.constdata) for GPIOX
    mk60_i2c.o(i.i2c_init) refers to memcpya.o(.text) for __aeabi_memcpy4
    mk60_i2c.o(i.i2c_init) refers to mk60_port.o(i.port_init) for port_init
    mk60_i2c.o(i.i2c_init) refers to mk60_i2c.o(.constdata) for .constdata
    mk60_i2c.o(i.i2c_init) refers to common.o(.data) for bus_clk_mhz
[...]
    mk60_sdhc.o(i.sdhc_writeblocks) refers to mk60_sdhc.o(i.sdhc_ioc) for sdhc_ioc
    mk60_sdhc.o(i.sdhc_writeblocks) refers to mk60_sdhc.o(i.sdhc_write) for sdhc_write
    mk60_sdhc.o(i.sdhc_writeblocks) refers to mk60_sdhc.o(i.sdhc_read) for sdhc_read
    mk60_sdhc.o(i.sdhc_writeblocks) refers to mk60_sdhc.o(.data) for sdcard_ptr
    mk60_spi.o(i.spi_init) refers to memcpya.o(.text) for __aeabi_memcpy4
    mk60_spi.o(i.spi_init) refers to mk60_port.o(i.port_init) for port_init
    mk60_spi.o(i.spi_init) refers to common.o(i.get_clk) for get_clk
    mk60_spi.o(i.spi_init) refers to mk60_spi.o(.constdata) for .constdata
    mk60_spi.o(i.spi_init) refers to mk60_spi.o(.data) for SPIN
    mk60_spi.o(i.spi_init) refers to common.o(.data) for bus_clk_mhz
    mk60_spi.o(i.spi_mosi) refers to mk60_spi.o(.data) for SPIN
    mk60_spi.o(i.spi_mosi_cmd) refers to mk60_spi.o(.data) for SPIN
    mk60_systick.o(i.systick_delay_ms) refers to mk60_systick.o(i.systick_delay) for systick_delay
    mk60_systick.o(i.systick_delay_ms) refers to common.o(.data) for core_clk_mhz
    mk60_uart.o(i.fputc) refers to mk60_uart.o(i.uart_putchar) for uart_putchar
    mk60_uart.o(i.uart_getchar) refers to mk60_uart.o(.data) for uart
    mk60_uart.o(i.uart_init) refers to mk60_port.o(i.port_init) for port_init
    mk60_uart.o(i.uart_init) refers to mk60_uart.o(.data) for uart
    mk60_uart.o(i.uart_init) refers to common.o(.data) for core_clk_mhz
    mk60_uart.o(i.uart_putbuff) refers to mk60_uart.o(i.uart_putchar) for uart_putchar
    mk60_uart.o(i.uart_putchar) refers to mk60_uart.o(.data) for uart
    mk60_uart.o(i.uart_putstr) refers to mk60_uart.o(i.uart_putchar) for uart_putchar
    mk60_uart.o(i.uart_querychar) refers to mk60_uart.o(.data) for uart
    mk60_uart.o(i.uart_rx_irq_dis) refers to mk60_uart.o(i.NVIC_DisableIRQ) for NVIC_DisableIRQ
    mk60_uart.o(i.uart_rx_irq_dis) refers to mk60_uart.o(.data) for uart
    mk60_uart.o(i.uart_rx_irq_en) refers to mk60_uart.o(i.NVIC_EnableIRQ) for NVIC_EnableIRQ
    mk60_uart.o(i.uart_rx_irq_en) refers to mk60_uart.o(.data) for uart
    mk60_uart.o(i.uart_txc_irq_dis) refers to mk60_uart.o(i.NVIC_DisableIRQ) for NVIC_DisableIRQ
    mk60_uart.o(i.uart_txc_irq_dis) refers to mk60_uart.o(.data) for uart
    mk60_uart.o(i.uart_txc_irq_en) refers to mk60_uart.o(i.NVIC_EnableIRQ) for NVIC_EnableIRQ
    mk60_uart.o(i.uart_txc_irq_en) refers to mk60_uart.o(.data) for uart
    mk60_wdog.o(i.wdog_disable) refers to mk60_wdog.o(i.wdog_unlock) for wdog_unlock
    mk60_wdog.o(i.wdog_enable) refers to mk60_wdog.o(i.wdog_unlock) for wdog_unlock
    mk60_wdog.o(i.wdog_init_ms) refers to mk60_wdog.o(i.wdog_unlock) for wdog_unlock
    isr.o(i.DMA0_IRQHandler) refers to seekfree_mt9v032.o(i.row_finished) for row_finished
    isr.o(i.PORTC_IRQHandler) refers to seekfree_mt9v032.o(i.VSYNC) for VSYNC
    isr.o(i.UART3_RX_TX_IRQHandler) refers to seekfree_mt9v032.o(i.mt9v032_cof_uart_interrupt) for mt9v032_cof_uart_interrupt
    main.o(i.main) refers to common.o(i.get_clk) for get_clk
    main.o(i.main) refers to mk60_uart.o(i.uart_init) for uart_init
    main.o(i.main) refers to seekfree_mt9v032.o(i.camera_init) for camera_init
    main.o(i.main) refers to mk60_systick.o(i.systick_delay_ms) for systick_delay_ms
    main.o(i.main) refers to seekfree_mt9v032.o(i.seekfree_sendimg_032) for seekfree_sendimg_032
    main.o(i.main) refers to seekfree_mt9v032.o(.data) for mt9v032_finish_flag
    seekfree_18tft.o(i.LCD_WriteData_16Bit) refers to mk60_gpio.o(i.gpio_set) for gpio_set
    seekfree_18tft.o(i.LCD_WriteData_16Bit) refers to mk60_spi.o(i.spi_mosi) for spi_mosi
    seekfree_18tft.o(i.Lcd_SetRegion) refers to seekfree_18tft.o(i.Lcd_WriteIndex) for Lcd_WriteIndex
    seekfree_18tft.o(i.Lcd_SetRegion) refers to seekfree_18tft.o(i.Lcd_WriteData) for Lcd_WriteData
    seekfree_18tft.o(i.Lcd_WriteData) refers to mk60_gpio.o(i.gpio_set) for gpio_set
    seekfree_18tft.o(i.Lcd_WriteData) refers to mk60_spi.o(i.spi_mosi) for spi_mosi
    seekfree_18tft.o(i.Lcd_WriteIndex) refers to mk60_gpio.o(i.gpio_set) for gpio_set
    seekfree_18tft.o(i.Lcd_WriteIndex) refers to mk60_spi.o(i.spi_mosi) for spi_mosi
    seekfree_18tft.o(i.displayimage032) refers to seekfree_18tft.o(i.Lcd_SetRegion) for Lcd_SetRegion
    seekfree_18tft.o(i.displayimage032) refers to seekfree_18tft.o(i.LCD_WriteData_16Bit) for LCD_WriteData_16Bit
    seekfree_18tft.o(i.displayimage7725) refers to seekfree_18tft.o(i.Lcd_SetRegion) for Lcd_SetRegion
    seekfree_18tft.o(i.displayimage7725) refers to seekfree_18tft.o(i.LCD_WriteData_16Bit) for LCD_WriteData_16Bit
    seekfree_18tft.o(i.dsp_single_colour) refers to seekfree_18tft.o(i.Lcd_SetRegion) for Lcd_SetRegion
    seekfree_18tft.o(i.dsp_single_colour) refers to seekfree_18tft.o(i.LCD_WriteData_16Bit) for LCD_WriteData_16Bit
    seekfree_18tft.o(i.lcd_init) refers to mk60_spi.o(i.spi_init) for spi_init
    seekfree_18tft.o(i.lcd_init) refers to mk60_gpio.o(i.gpio_init) for gpio_init
    seekfree_18tft.o(i.lcd_init) refers to mk60_gpio.o(i.gpio_set) for gpio_set
    seekfree_18tft.o(i.lcd_init) refers to seekfree_18tft.o(i.tft_delay) for tft_delay
    seekfree_18tft.o(i.lcd_init) refers to seekfree_18tft.o(i.Lcd_WriteIndex) for Lcd_WriteIndex
    seekfree_18tft.o(i.lcd_init) refers to seekfree_18tft.o(i.Lcd_WriteData) for Lcd_WriteData
    seekfree_18tft.o(i.lcd_init) refers to seekfree_18tft.o(i.dsp_single_colour) for dsp_single_colour
    seekfree_7725.o(i.ov7725_dma) refers to seekfree_7725.o(.data) for ov7725_finish_flag
    seekfree_7725.o(i.ov7725_init) refers to seekfree_iic.o(i.IIC_init) for IIC_init
    seekfree_7725.o(i.ov7725_init) refers to seekfree_7725.o(i.ov7725_reg_init) for ov7725_reg_init
    seekfree_7725.o(i.ov7725_init) refers to seekfree_7725.o(i.ov7725_port_init) for ov7725_port_init
    seekfree_7725.o(i.ov7725_port_init) refers to mk60_dma.o(i.dma_portx2buff_init) for dma_portx2buff_init
    seekfree_7725.o(i.ov7725_port_init) refers to seekfree_7725.o(i.NVIC_EnableIRQ) for NVIC_EnableIRQ
    seekfree_7725.o(i.ov7725_port_init) refers to mk60_port.o(i.port_init) for port_init
    seekfree_7725.o(i.ov7725_port_init) refers to seekfree_7725.o(.bss) for image_bin
    seekfree_7725.o(i.ov7725_reg_init) refers to seekfree_iic.o(i.simiic_write_reg) for simiic_write_reg
    seekfree_7725.o(i.ov7725_reg_init) refers to mk60_systick.o(i.systick_delay_ms) for systick_delay_ms
    seekfree_7725.o(i.ov7725_reg_init) refers to seekfree_iic.o(i.simiic_read_reg) for simiic_read_reg
    seekfree_7725.o(i.ov7725_reg_init) refers to seekfree_7725.o(.data) for OV7725_IDCode
    seekfree_7725.o(i.ov7725_vsync) refers to seekfree_7725.o(.bss) for image_bin
    seekfree_7725.o(i.seekfree_sendimg_7725) refers to mk60_uart.o(i.uart_putchar) for uart_putchar
    seekfree_7725.o(i.seekfree_sendimg_7725) refers to mk60_uart.o(i.uart_putbuff) for uart_putbuff
    seekfree_iic.o(i.I2C_SendACK) refers to mk60_gpio.o(i.gpio_set) for gpio_set
    seekfree_iic.o(i.I2C_SendACK) refers to seekfree_iic.o(i.simiic_delay) for simiic_delay
    seekfree_iic.o(i.IIC_init) refers to mk60_gpio.o(i.gpio_init) for gpio_init
    seekfree_iic.o(i.IIC_init) refers to mk60_port.o(i.port_init_NoAlt) for port_init_NoAlt
    seekfree_iic.o(i.IIC_start) refers to mk60_gpio.o(i.gpio_set) for gpio_set
    seekfree_iic.o(i.IIC_start) refers to seekfree_iic.o(i.simiic_delay) for simiic_delay
    seekfree_iic.o(i.IIC_stop) refers to mk60_gpio.o(i.gpio_set) for gpio_set
    seekfree_iic.o(i.IIC_stop) refers to seekfree_iic.o(i.simiic_delay) for simiic_delay
    seekfree_iic.o(i.SCCB_WaitAck) refers to mk60_gpio.o(i.gpio_set) for gpio_set
    seekfree_iic.o(i.SCCB_WaitAck) refers to mk60_gpio.o(i.gpio_ddr) for gpio_ddr
    seekfree_iic.o(i.SCCB_WaitAck) refers to seekfree_iic.o(i.simiic_delay) for simiic_delay
    seekfree_iic.o(i.SCCB_WaitAck) refers to mk60_gpio.o(i.gpio_get) for gpio_get
    seekfree_iic.o(i.read_ch) refers to mk60_gpio.o(i.gpio_set) for gpio_set
    seekfree_iic.o(i.read_ch) refers to seekfree_iic.o(i.simiic_delay) for simiic_delay
    seekfree_iic.o(i.read_ch) refers to mk60_gpio.o(i.gpio_ddr) for gpio_ddr
    seekfree_iic.o(i.read_ch) refers to mk60_gpio.o(i.gpio_get) for gpio_get
    seekfree_iic.o(i.read_ch) refers to seekfree_iic.o(i.I2C_SendACK) for I2C_SendACK
    seekfree_iic.o(i.send_ch) refers to mk60_gpio.o(i.gpio_set) for gpio_set
    seekfree_iic.o(i.send_ch) refers to seekfree_iic.o(i.simiic_delay) for simiic_delay
    seekfree_iic.o(i.send_ch) refers to seekfree_iic.o(i.SCCB_WaitAck) for SCCB_WaitAck
    seekfree_iic.o(i.simiic_read_reg) refers to seekfree_iic.o(i.IIC_start) for IIC_start
    seekfree_iic.o(i.simiic_read_reg) refers to seekfree_iic.o(i.send_ch) for send_ch
    seekfree_iic.o(i.simiic_read_reg) refers to seekfree_iic.o(i.IIC_stop) for IIC_stop
    seekfree_iic.o(i.simiic_read_reg) refers to seekfree_iic.o(i.read_ch) for read_ch
    seekfree_iic.o(i.simiic_write_reg) refers to seekfree_iic.o(i.IIC_start) for IIC_start
    seekfree_iic.o(i.simiic_write_reg) refers to seekfree_iic.o(i.send_ch) for send_ch
    seekfree_iic.o(i.simiic_write_reg) refers to seekfree_iic.o(i.IIC_stop) for IIC_stop
    seekfree_l3g4200d.o(i.InitL3G4200D) refers to seekfree_iic.o(i.simiic_write_reg) for simiic_write_reg
    seekfree_l3g4200d.o(i.InitL3G4200D) refers to seekfree_iic.o(i.simiic_read_reg) for simiic_read_reg
    seekfree_l3g4200d.o(i.InitL3G4200D) refers to seekfree_l3g4200d.o(.data) for Temperature
    seekfree_l3g4200d.o(i.get_l3g4200d) refers to seekfree_iic.o(i.simiic_read_reg) for simiic_read_reg
    seekfree_l3g4200d.o(i.get_l3g4200d) refers to seekfree_l3g4200d.o(.data) for gyro_x
    seekfree_mma8451.o(i.MMA845x_init) refers to seekfree_iic.o(i.simiic_write_reg) for simiic_write_reg
    seekfree_mma8451.o(i.MMA845x_init) refers to seekfree_iic.o(i.simiic_read_reg) for simiic_read_reg
    seekfree_mma8451.o(i.get_mma8451) refers to seekfree_iic.o(i.simiic_read_reg) for simiic_read_reg
    seekfree_mma8451.o(i.get_mma8451) refers to seekfree_mma8451.o(.data) for acc_x
    seekfree_mpu6050.o(i.GetData) refers to seekfree_iic.o(i.simiic_read_reg) for simiic_read_reg
    seekfree_mpu6050.o(i.Get_AccData) refers to seekfree_mpu6050.o(i.GetData) for GetData
    seekfree_mpu6050.o(i.Get_AccData) refers to seekfree_mpu6050.o(.data) for mpu_acc_x
    seekfree_mpu6050.o(i.Get_Gyro) refers to seekfree_mpu6050.o(i.GetData) for GetData
    seekfree_mpu6050.o(i.Get_Gyro) refers to seekfree_mpu6050.o(.data) for mpu_gyro_z
    seekfree_mpu6050.o(i.InitMPU6050) refers to seekfree_iic.o(i.simiic_write_reg) for simiic_write_reg
    seekfree_mt9v032.o(i.VSYNC) refers to seekfree_mt9v032.o(.bss) for image
    seekfree_mt9v032.o(i.camera_init) refers to mk60_uart.o(i.uart_init) for uart_init
    seekfree_mt9v032.o(i.camera_init) refers to mk60_uart.o(i.uart_rx_irq_en) for uart_rx_irq_en
    seekfree_mt9v032.o(i.camera_init) refers to mk60_systick.o(i.systick_delay_ms) for systick_delay_ms
    seekfree_mt9v032.o(i.camera_init) refers to mk60_uart.o(i.uart_putbuff) for uart_putbuff
    seekfree_mt9v032.o(i.camera_init) refers to seekfree_mt9v032.o(i.get_config) for get_config
    seekfree_mt9v032.o(i.camera_init) refers to mk60_dma.o(i.dma_portx2buff_init) for dma_portx2buff_init
    seekfree_mt9v032.o(i.camera_init) refers to mk60_port.o(i.port_init) for port_init
    seekfree_mt9v032.o(i.camera_init) refers to seekfree_mt9v032.o(i.NVIC_EnableIRQ) for NVIC_EnableIRQ
    seekfree_mt9v032.o(i.camera_init) refers to seekfree_mt9v032.o(.data) for uart_receive_flag
    seekfree_mt9v032.o(i.camera_init) refers to seekfree_mt9v032.o(.bss) for image
    seekfree_mt9v032.o(i.get_config) refers to mk60_uart.o(i.uart_putbuff) for uart_putbuff
    seekfree_mt9v032.o(i.get_config) refers to seekfree_mt9v032.o(.data) for GET_CFG
    seekfree_mt9v032.o(i.get_version) refers to mk60_uart.o(i.uart_putbuff) for uart_putbuff
    seekfree_mt9v032.o(i.get_version) refers to seekfree_mt9v032.o(.data) for uart_receive_flag
    seekfree_mt9v032.o(i.mt9v032_cof_uart_interrupt) refers to mk60_uart.o(i.uart_getchar) for uart_getchar
    seekfree_mt9v032.o(i.mt9v032_cof_uart_interrupt) refers to seekfree_mt9v032.o(.data) for receive
    seekfree_mt9v032.o(i.row_finished) refers to seekfree_mt9v032.o(.data) for mt9v032_finish_flag
    seekfree_mt9v032.o(i.seekfree_sendimg_032) refers to mk60_uart.o(i.uart_putchar) for uart_putchar
    seekfree_mt9v032.o(i.seekfree_sendimg_032) refers to mk60_uart.o(i.uart_putbuff) for uart_putbuff
    seekfree_mt9v032.o(i.seekfree_sendimg_032) refers to seekfree_mt9v032.o(.bss) for image
    seekfree_mt9v032.o(i.set_exposure_time) refers to mk60_uart.o(i.uart_putbuff) for uart_putbuff
    seekfree_mt9v032.o(i.set_exposure_time) refers to seekfree_mt9v032.o(.data) for uart_receive_flag
    seekfree_mt9v032.o(i.set_mt9v032_reg) refers to mk60_uart.o(i.uart_putbuff) for uart_putbuff
    seekfree_mt9v032.o(i.set_mt9v032_reg) refers to mk60_systick.o(i.systick_delay_ms) for systick_delay_ms
    seekfree_mt9v032.o(i.set_mt9v032_reg) refers to seekfree_mt9v032.o(.data) for uart_receive_flag
    seekfree_nrf24l01.o(i.NRF_Dev_Init) refers to mk60_gpio.o(i.gpio_init) for gpio_init
    seekfree_nrf24l01.o(i.NRF_Dev_Init) refers to mk60_port.o(i.port_init_NoAlt) for port_init_NoAlt
    seekfree_nrf24l01.o(i.NRF_Dev_Init) refers to mk60_gpio.o(i.gpio_set) for gpio_set
    seekfree_nrf24l01.o(i.NRF_Dev_Init) refers to seekfree_nrf24l01.o(i.NRF_SPI_W_Reg_Byte) for NRF_SPI_W_Reg_Byte
    seekfree_nrf24l01.o(i.NRF_Dev_Init) refers to seekfree_nrf24l01.o(i.NRF_SPI_W_Reg_Burst) for NRF_SPI_W_Reg_Burst
    seekfree_nrf24l01.o(i.NRF_Dev_Init) refers to seekfree_nrf24l01.o(i.NRF_SPI_W_Cmd_Byte) for NRF_SPI_W_Cmd_Byte
    seekfree_nrf24l01.o(i.NRF_Dev_Init) refers to seekfree_nrf24l01.o(.data) for NRF_RF_Addr
    seekfree_nrf24l01.o(i.NRF_Rece_Packet) refers to mk60_gpio.o(i.gpio_get) for gpio_get
    seekfree_nrf24l01.o(i.NRF_Rece_Packet) refers to seekfree_nrf24l01.o(i.NRF_SPI_R_Reg_Byte) for NRF_SPI_R_Reg_Byte
    seekfree_nrf24l01.o(i.NRF_Rece_Packet) refers to seekfree_nrf24l01.o(i.NRF_SPI_W_Reg_Byte) for NRF_SPI_W_Reg_Byte
    seekfree_nrf24l01.o(i.NRF_Rece_Packet) refers to seekfree_nrf24l01.o(i.NRF_SPI_R_Reg_Burst) for NRF_SPI_R_Reg_Burst
    seekfree_nrf24l01.o(i.NRF_SPI_R_Reg_Burst) refers to mk60_gpio.o(i.gpio_set) for gpio_set
    seekfree_nrf24l01.o(i.NRF_SPI_R_Reg_Burst) refers to seekfree_nrf24l01.o(i.NRF_SPI_WR_Byte) for NRF_SPI_WR_Byte
    seekfree_nrf24l01.o(i.NRF_SPI_R_Reg_Byte) refers to mk60_gpio.o(i.gpio_set) for gpio_set
    seekfree_nrf24l01.o(i.NRF_SPI_R_Reg_Byte) refers to seekfree_nrf24l01.o(i.NRF_SPI_WR_Byte) for NRF_SPI_WR_Byte
    seekfree_nrf24l01.o(i.NRF_SPI_WR_Byte) refers to mk60_gpio.o(i.gpio_set) for gpio_set
    seekfree_nrf24l01.o(i.NRF_SPI_WR_Byte) refers to mk60_gpio.o(i.gpio_get) for gpio_get
    seekfree_nrf24l01.o(i.NRF_SPI_W_Cmd_Byte) refers to mk60_gpio.o(i.gpio_set) for gpio_set
    seekfree_nrf24l01.o(i.NRF_SPI_W_Cmd_Byte) refers to seekfree_nrf24l01.o(i.NRF_SPI_WR_Byte) for NRF_SPI_WR_Byte
    seekfree_nrf24l01.o(i.NRF_SPI_W_Reg_Burst) refers to mk60_gpio.o(i.gpio_set) for gpio_set
    seekfree_nrf24l01.o(i.NRF_SPI_W_Reg_Burst) refers to seekfree_nrf24l01.o(i.NRF_SPI_WR_Byte) for NRF_SPI_WR_Byte
    seekfree_nrf24l01.o(i.NRF_SPI_W_Reg_Byte) refers to mk60_gpio.o(i.gpio_set) for gpio_set
    seekfree_nrf24l01.o(i.NRF_SPI_W_Reg_Byte) refers to seekfree_nrf24l01.o(i.NRF_SPI_WR_Byte) for NRF_SPI_WR_Byte
    seekfree_nrf24l01.o(i.NRF_Send_Packet) refers to mk60_gpio.o(i.gpio_set) for gpio_set
    seekfree_nrf24l01.o(i.NRF_Send_Packet) refers to seekfree_nrf24l01.o(i.NRF_SPI_W_Reg_Byte) for NRF_SPI_W_Reg_Byte
    seekfree_nrf24l01.o(i.NRF_Send_Packet) refers to seekfree_nrf24l01.o(i.NRF_SPI_W_Reg_Burst) for NRF_SPI_W_Reg_Burst
    seekfree_nrf24l01.o(i.NRF_Send_Packet) refers to seekfree_nrf24l01.o(i.NRF_SPI_R_Reg_Byte) for NRF_SPI_R_Reg_Byte
    seekfree_nrf24l01.o(i.NRF_Send_Packet) refers to seekfree_nrf24l01.o(.data) for NRF_RF_Addr
    seekfree_oled.o(i.OLED_ClrPixel) refers to seekfree_oled.o(i.OLED_Set_Pos) for OLED_Set_Pos
    seekfree_oled.o(i.OLED_ClrPixel) refers to seekfree_oled.o(i.OLED_WrCmd) for OLED_WrCmd
    seekfree_oled.o(i.OLED_ClrPixel) refers to seekfree_oled.o(i.OLED_WrDat) for OLED_WrDat
    seekfree_oled.o(i.OLED_Fill) refers to seekfree_oled.o(i.OLED_WrCmd) for OLED_WrCmd
    seekfree_oled.o(i.OLED_Fill) refers to seekfree_oled.o(i.OLED_WrDat) for OLED_WrDat
    seekfree_oled.o(i.OLED_Init) refers to mk60_gpio.o(i.gpio_init) for gpio_init
    seekfree_oled.o(i.OLED_Init) refers to mk60_port.o(i.port_init_NoAlt) for port_init_NoAlt
    seekfree_oled.o(i.OLED_Init) refers to mk60_gpio.o(i.gpio_set) for gpio_set
    seekfree_oled.o(i.OLED_Init) refers to seekfree_oled.o(i.OLED_DLY_ms) for OLED_DLY_ms
    seekfree_oled.o(i.OLED_Init) refers to seekfree_oled.o(i.OLED_WrCmd) for OLED_WrCmd
    seekfree_oled.o(i.OLED_Init) refers to seekfree_oled.o(i.OLED_Fill) for OLED_Fill
    seekfree_oled.o(i.OLED_Init) refers to seekfree_oled.o(i.OLED_Set_Pos) for OLED_Set_Pos
    seekfree_oled.o(i.OLED_P6x8Str) refers to seekfree_oled.o(i.OLED_Set_Pos) for OLED_Set_Pos
    seekfree_oled.o(i.OLED_P6x8Str) refers to seekfree_oled.o(i.OLED_WrDat) for OLED_WrDat
    seekfree_oled.o(i.OLED_P6x8Str) refers to seekfree_oled.o(.constdata) for F6x8
    seekfree_oled.o(i.OLED_P8x16Str) refers to seekfree_oled.o(i.OLED_Set_Pos) for OLED_Set_Pos
    seekfree_oled.o(i.OLED_P8x16Str) refers to seekfree_oled.o(i.OLED_WrDat) for OLED_WrDat
    seekfree_oled.o(i.OLED_P8x16Str) refers to seekfree_oled.o(.constdata) for F8X16
    seekfree_oled.o(i.OLED_Print_Num) refers to seekfree_oled.o(i.OLED_HEXACSII) for OLED_HEXACSII
    seekfree_oled.o(i.OLED_Print_Num) refers to seekfree_oled.o(i.OLED_P8x16Str) for OLED_P8x16Str
    seekfree_oled.o(i.OLED_Print_Num1) refers to seekfree_oled.o(i.OLED_P6x8Str) for OLED_P6x8Str
    seekfree_oled.o(i.OLED_Print_Num1) refers to seekfree_oled.o(i.OLED_HEXACSII) for OLED_HEXACSII
    seekfree_oled.o(i.OLED_PutPixel) refers to seekfree_oled.o(i.OLED_Set_Pos) for OLED_Set_Pos
    seekfree_oled.o(i.OLED_PutPixel) refers to seekfree_oled.o(i.OLED_WrCmd) for OLED_WrCmd
    seekfree_oled.o(i.OLED_PutPixel) refers to seekfree_oled.o(i.OLED_WrDat) for OLED_WrDat
    seekfree_oled.o(i.OLED_Set_Pos) refers to seekfree_oled.o(i.OLED_WrCmd) for OLED_WrCmd
    seekfree_oled.o(i.OLED_Wr6Dat) refers to mk60_gpio.o(i.gpio_set) for gpio_set
    seekfree_oled.o(i.OLED_WrCmd) refers to mk60_gpio.o(i.gpio_set) for gpio_set
    seekfree_oled.o(i.OLED_WrDat) refers to mk60_gpio.o(i.gpio_set) for gpio_set
    seekfree_oled.o(i.dis_bmp) refers to seekfree_oled.o(i.OLED_Set_Pos) for OLED_Set_Pos
    seekfree_oled.o(i.dis_bmp) refers to seekfree_oled.o(i.OLED_WrDat) for OLED_WrDat
    seekfree_tsl1401.o(i.ccd_collect) refers to mk60_gpio.o(i.gpio_set) for gpio_set
    seekfree_tsl1401.o(i.ccd_collect) refers to mk60_adc.o(i.adc_once) for adc_once
    seekfree_tsl1401.o(i.ccd_collect) refers to seekfree_tsl1401.o(.bss) for ccd_data
    seekfree_tsl1401.o(i.ccd_init) refers to mk60_adc.o(i.adc_init) for adc_init
    seekfree_tsl1401.o(i.ccd_init) refers to mk60_gpio.o(i.gpio_init) for gpio_init
    seekfree_tsl1401.o(i.ccd_init) refers to mk60_pit.o(i.pit_init) for pit_init
    seekfree_tsl1401.o(i.ccd_init) refers to common.o(.data) for bus_clk_mhz
    diskio.o(i.disk_initialize) refers to mk60_sdhc.o(i.sdhc_initcard) for sdhc_initcard
    diskio.o(i.disk_ioctl) refers to mk60_sdhc.o(.data) for sdcard_ptr
    diskio.o(i.disk_read) refers to mk60_sdhc.o(i.sdhc_readblocks) for sdhc_readblocks
    diskio.o(i.disk_status) refers to mk60_sdhc.o(.data) for sdcard_ptr
    diskio.o(i.disk_write) refers to mk60_sdhc.o(i.sdhc_writeblocks) for sdhc_writeblocks
    ff.o(i.check_fs) refers to diskio.o(i.disk_read) for disk_read
    ff.o(i.chk_lock) refers to ff.o(.bss) for Files
    ff.o(i.chk_mounted) refers to diskio.o(i.disk_status) for disk_status
    ff.o(i.chk_mounted) refers to diskio.o(i.disk_initialize) for disk_initialize
    ff.o(i.chk_mounted) refers to ff.o(i.check_fs) for check_fs
    ff.o(i.chk_mounted) refers to diskio.o(i.disk_read) for disk_read
    ff.o(i.chk_mounted) refers to ff.o(i.clear_lock) for clear_lock
    ff.o(i.chk_mounted) refers to ff.o(.data) for CurrVol
    ff.o(i.clear_lock) refers to ff.o(.bss) for Files
    ff.o(i.create_chain) refers to ff.o(i.get_fat) for get_fat
    ff.o(i.create_chain) refers to ff.o(i.put_fat) for put_fat
    ff.o(i.create_name) refers to ff.o(i.mem_set) for mem_set
    ff.o(i.create_name) refers to ff.o(i.chk_chr) for chk_chr
    ff.o(i.create_name) refers to ff.o(.constdata) for ExCvt
    ff.o(i.dec_lock) refers to ff.o(.bss) for Files
    ff.o(i.dir_alloc) refers to ff.o(i.dir_sdi) for dir_sdi
    ff.o(i.dir_alloc) refers to ff.o(i.move_window) for move_window
    ff.o(i.dir_alloc) refers to ff.o(i.dir_next) for dir_next
    ff.o(i.dir_find) refers to ff.o(i.dir_sdi) for dir_sdi
    ff.o(i.dir_find) refers to ff.o(i.move_window) for move_window
    ff.o(i.dir_find) refers to ff.o(i.mem_cmp) for mem_cmp
    ff.o(i.dir_find) refers to ff.o(i.dir_next) for dir_next
    ff.o(i.dir_next) refers to ff.o(i.get_fat) for get_fat
    ff.o(i.dir_next) refers to ff.o(i.create_chain) for create_chain
    ff.o(i.dir_next) refers to ff.o(i.sync_window) for sync_window
    ff.o(i.dir_next) refers to ff.o(i.mem_set) for mem_set
    ff.o(i.dir_next) refers to ff.o(i.clust2sect) for clust2sect
    ff.o(i.dir_read) refers to ff.o(i.move_window) for move_window
    ff.o(i.dir_read) refers to ff.o(i.dir_next) for dir_next
    ff.o(i.dir_register) refers to ff.o(i.dir_alloc) for dir_alloc
    ff.o(i.dir_register) refers to ff.o(i.move_window) for move_window
    ff.o(i.dir_register) refers to ff.o(i.mem_set) for mem_set
    ff.o(i.dir_register) refers to ff.o(i.mem_cpy) for mem_cpy
    ff.o(i.dir_remove) refers to ff.o(i.dir_sdi) for dir_sdi
    ff.o(i.dir_remove) refers to ff.o(i.move_window) for move_window
    ff.o(i.dir_sdi) refers to ff.o(i.get_fat) for get_fat
    ff.o(i.dir_sdi) refers to ff.o(i.clust2sect) for clust2sect
    ff.o(i.enq_lock) refers to ff.o(.bss) for Files
    ff.o(i.f_chdir) refers to ff.o(i.chk_mounted) for chk_mounted
    ff.o(i.f_chdir) refers to ff.o(i.follow_path) for follow_path
    ff.o(i.f_chdir) refers to ff.o(i.ld_clust) for ld_clust
    ff.o(i.f_chdrive) refers to ff.o(.data) for CurrVol
    ff.o(i.f_chmod) refers to ff.o(i.chk_mounted) for chk_mounted
    ff.o(i.f_chmod) refers to ff.o(i.follow_path) for follow_path
    ff.o(i.f_chmod) refers to ff.o(i.sync_fs) for sync_fs
    ff.o(i.f_close) refers to ff.o(i.f_sync) for f_sync
    ff.o(i.f_close) refers to ff.o(i.dec_lock) for dec_lock
    ff.o(i.f_getcwd) refers to ff.o(i.chk_mounted) for chk_mounted
    ff.o(i.f_getcwd) refers to ff.o(i.dir_sdi) for dir_sdi
    ff.o(i.f_getcwd) refers to ff.o(i.dir_read) for dir_read
    ff.o(i.f_getcwd) refers to ff.o(i.ld_clust) for ld_clust
    ff.o(i.f_getcwd) refers to ff.o(i.dir_next) for dir_next
    ff.o(i.f_getcwd) refers to ff.o(i.get_fileinfo) for get_fileinfo
    ff.o(i.f_getcwd) refers to ff.o(.data) for CurrVol
    ff.o(i.f_getfree) refers to ff.o(i.chk_mounted) for chk_mounted
    ff.o(i.f_getfree) refers to ff.o(i.get_fat) for get_fat
    ff.o(i.f_getfree) refers to ff.o(i.move_window) for move_window
    ff.o(i.f_gets) refers to ff.o(i.f_read) for f_read
    ff.o(i.f_lseek) refers to ff.o(i.validate) for validate
    ff.o(i.f_lseek) refers to ff.o(i.get_fat) for get_fat
    ff.o(i.f_lseek) refers to ff.o(i.clmt_clust) for clmt_clust
    ff.o(i.f_lseek) refers to ff.o(i.clust2sect) for clust2sect
    ff.o(i.f_lseek) refers to diskio.o(i.disk_write) for disk_write
    ff.o(i.f_lseek) refers to diskio.o(i.disk_read) for disk_read
    ff.o(i.f_lseek) refers to ff.o(i.create_chain) for create_chain
    ff.o(i.f_mkdir) refers to ff.o(i.chk_mounted) for chk_mounted
    ff.o(i.f_mkdir) refers to ff.o(i.follow_path) for follow_path
    ff.o(i.f_mkdir) refers to ff.o(i.create_chain) for create_chain
    ff.o(i.f_mkdir) refers to ff.o(i.sync_window) for sync_window
    ff.o(i.f_mkdir) refers to ff.o(i.clust2sect) for clust2sect
    ff.o(i.f_mkdir) refers to ff.o(i.mem_set) for mem_set
    ff.o(i.f_mkdir) refers to ff.o(i.st_clust) for st_clust
    ff.o(i.f_mkdir) refers to ff.o(i.mem_cpy) for mem_cpy
    ff.o(i.f_mkdir) refers to ff.o(i.dir_register) for dir_register
    ff.o(i.f_mkdir) refers to ff.o(i.remove_chain) for remove_chain
    ff.o(i.f_mkdir) refers to ff.o(i.sync_fs) for sync_fs
    ff.o(i.f_mkfs) refers to diskio.o(i.disk_initialize) for disk_initialize
    ff.o(i.f_mkfs) refers to diskio.o(i.disk_ioctl) for disk_ioctl
    ff.o(i.f_mkfs) refers to ff.o(i.mem_set) for mem_set
    ff.o(i.f_mkfs) refers to diskio.o(i.disk_write) for disk_write
    ff.o(i.f_mkfs) refers to ff.o(i.mem_cpy) for mem_cpy
    ff.o(i.f_mkfs) refers to ff.o(.data) for FatFs
    ff.o(i.f_mkfs) refers to ff.o(.constdata) for vst
    ff.o(i.f_mount) refers to ff.o(i.clear_lock) for clear_lock
    ff.o(i.f_mount) refers to ff.o(.data) for FatFs
    ff.o(i.f_open) refers to ff.o(i.chk_mounted) for chk_mounted
    ff.o(i.f_open) refers to ff.o(i.follow_path) for follow_path
    ff.o(i.f_open) refers to ff.o(i.chk_lock) for chk_lock
    ff.o(i.f_open) refers to ff.o(i.enq_lock) for enq_lock
    ff.o(i.f_open) refers to ff.o(i.dir_register) for dir_register
    ff.o(i.f_open) refers to ff.o(i.ld_clust) for ld_clust
    ff.o(i.f_open) refers to ff.o(i.st_clust) for st_clust
    ff.o(i.f_open) refers to ff.o(i.remove_chain) for remove_chain
    ff.o(i.f_open) refers to ff.o(i.move_window) for move_window
    ff.o(i.f_open) refers to ff.o(i.inc_lock) for inc_lock
    ff.o(i.f_opendir) refers to ff.o(i.chk_mounted) for chk_mounted
    ff.o(i.f_opendir) refers to ff.o(i.follow_path) for follow_path
    ff.o(i.f_opendir) refers to ff.o(i.ld_clust) for ld_clust
    ff.o(i.f_opendir) refers to ff.o(i.dir_sdi) for dir_sdi
    ff.o(i.f_printf) refers to ff.o(i.f_putc) for f_putc
    ff.o(i.f_printf) refers to ff.o(i.f_puts) for f_puts
    ff.o(i.f_putc) refers to ff.o(i.f_write) for f_write
    ff.o(i.f_puts) refers to ff.o(i.f_putc) for f_putc
    ff.o(i.f_read) refers to ff.o(i.validate) for validate
    ff.o(i.f_read) refers to ff.o(i.clmt_clust) for clmt_clust
    ff.o(i.f_read) refers to ff.o(i.get_fat) for get_fat
    ff.o(i.f_read) refers to ff.o(i.clust2sect) for clust2sect
    ff.o(i.f_read) refers to diskio.o(i.disk_read) for disk_read
    ff.o(i.f_read) refers to ff.o(i.mem_cpy) for mem_cpy
    ff.o(i.f_read) refers to diskio.o(i.disk_write) for disk_write
    ff.o(i.f_readdir) refers to ff.o(i.validate) for validate
    ff.o(i.f_readdir) refers to ff.o(i.dir_sdi) for dir_sdi
    ff.o(i.f_readdir) refers to ff.o(i.dir_read) for dir_read
    ff.o(i.f_readdir) refers to ff.o(i.get_fileinfo) for get_fileinfo
    ff.o(i.f_readdir) refers to ff.o(i.dir_next) for dir_next
    ff.o(i.f_rename) refers to ff.o(i.chk_mounted) for chk_mounted
    ff.o(i.f_rename) refers to ff.o(i.follow_path) for follow_path
    ff.o(i.f_rename) refers to ff.o(i.chk_lock) for chk_lock
    ff.o(i.f_rename) refers to ff.o(i.mem_cpy) for mem_cpy
    ff.o(i.f_rename) refers to ff.o(i.dir_register) for dir_register
    ff.o(i.f_rename) refers to ff.o(i.ld_clust) for ld_clust
    ff.o(i.f_rename) refers to ff.o(i.clust2sect) for clust2sect
    ff.o(i.f_rename) refers to ff.o(i.move_window) for move_window
    ff.o(i.f_rename) refers to ff.o(i.st_clust) for st_clust
    ff.o(i.f_rename) refers to ff.o(i.dir_remove) for dir_remove
    ff.o(i.f_rename) refers to ff.o(i.sync_fs) for sync_fs
    ff.o(i.f_stat) refers to ff.o(i.chk_mounted) for chk_mounted
    ff.o(i.f_stat) refers to ff.o(i.follow_path) for follow_path
    ff.o(i.f_stat) refers to ff.o(i.get_fileinfo) for get_fileinfo
    ff.o(i.f_sync) refers to ff.o(i.validate) for validate
    ff.o(i.f_sync) refers to diskio.o(i.disk_write) for disk_write
    ff.o(i.f_sync) refers to ff.o(i.move_window) for move_window
    ff.o(i.f_sync) refers to ff.o(i.st_clust) for st_clust
    ff.o(i.f_sync) refers to ff.o(i.sync_fs) for sync_fs
    ff.o(i.f_truncate) refers to ff.o(i.validate) for validate
    ff.o(i.f_truncate) refers to ff.o(i.remove_chain) for remove_chain
    ff.o(i.f_truncate) refers to ff.o(i.get_fat) for get_fat
    ff.o(i.f_truncate) refers to ff.o(i.put_fat) for put_fat
    ff.o(i.f_unlink) refers to ff.o(i.chk_mounted) for chk_mounted
    ff.o(i.f_unlink) refers to ff.o(i.follow_path) for follow_path
    ff.o(i.f_unlink) refers to ff.o(i.chk_lock) for chk_lock
    ff.o(i.f_unlink) refers to ff.o(i.ld_clust) for ld_clust
    ff.o(i.f_unlink) refers to ff.o(i.mem_cpy) for mem_cpy
    ff.o(i.f_unlink) refers to ff.o(i.dir_sdi) for dir_sdi
    ff.o(i.f_unlink) refers to ff.o(i.dir_read) for dir_read
    ff.o(i.f_unlink) refers to ff.o(i.dir_remove) for dir_remove
    ff.o(i.f_unlink) refers to ff.o(i.remove_chain) for remove_chain
    ff.o(i.f_unlink) refers to ff.o(i.sync_fs) for sync_fs
    ff.o(i.f_utime) refers to ff.o(i.chk_mounted) for chk_mounted
    ff.o(i.f_utime) refers to ff.o(i.follow_path) for follow_path
    ff.o(i.f_utime) refers to ff.o(i.sync_fs) for sync_fs
    ff.o(i.f_write) refers to ff.o(i.validate) for validate
    ff.o(i.f_write) refers to ff.o(i.create_chain) for create_chain
    ff.o(i.f_write) refers to ff.o(i.clmt_clust) for clmt_clust
    ff.o(i.f_write) refers to diskio.o(i.disk_write) for disk_write
    ff.o(i.f_write) refers to ff.o(i.clust2sect) for clust2sect
    ff.o(i.f_write) refers to ff.o(i.mem_cpy) for mem_cpy
    ff.o(i.f_write) refers to diskio.o(i.disk_read) for disk_read
    ff.o(i.follow_path) refers to ff.o(i.dir_sdi) for dir_sdi
    ff.o(i.follow_path) refers to ff.o(i.create_name) for create_name
    ff.o(i.follow_path) refers to ff.o(i.dir_find) for dir_find
    ff.o(i.follow_path) refers to ff.o(i.ld_clust) for ld_clust
    ff.o(i.get_fat) refers to ff.o(i.move_window) for move_window
    ff.o(i.inc_lock) refers to ff.o(.bss) for Files
    ff.o(i.move_window) refers to ff.o(i.sync_window) for sync_window
    ff.o(i.move_window) refers to diskio.o(i.disk_read) for disk_read
    ff.o(i.put_fat) refers to ff.o(i.move_window) for move_window
    ff.o(i.remove_chain) refers to ff.o(i.get_fat) for get_fat
    ff.o(i.remove_chain) refers to ff.o(i.put_fat) for put_fat
    ff.o(i.sync_fs) refers to ff.o(i.sync_window) for sync_window
    ff.o(i.sync_fs) refers to ff.o(i.mem_set) for mem_set
    ff.o(i.sync_fs) refers to diskio.o(i.disk_write) for disk_write
    ff.o(i.sync_fs) refers to diskio.o(i.disk_ioctl) for disk_ioctl
    ff.o(i.sync_window) refers to diskio.o(i.disk_write) for disk_write
    ff.o(i.validate) refers to diskio.o(i.disk_status) for disk_status
    entry.o(.ARM.Collect$$$$00000000) refers (Special) to entry10a.o(.ARM.Collect$$$$0000000D) for __rt_final_cpp
    entry.o(.ARM.Collect$$$$00000000) refers (Special) to entry11a.o(.ARM.Collect$$$$0000000F) for __rt_final_exit
    entry.o(.ARM.Collect$$$$00000000) refers (Special) to entry7b.o(.ARM.Collect$$$$00000008) for _main_clock
    entry.o(.ARM.Collect$$$$00000000) refers (Special) to entry8b.o(.ARM.Collect$$$$0000000A) for _main_cpp_init
    entry.o(.ARM.Collect$$$$00000000) refers (Special) to entry9a.o(.ARM.Collect$$$$0000000B) for _main_init
    entry.o(.ARM.Collect$$$$00000000) refers (Special) to entry5.o(.ARM.Collect$$$$00000004) for _main_scatterload
    entry.o(.ARM.Collect$$$$00000000) refers (Special) to entry2.o(.ARM.Collect$$$$00000001) for _main_stk
    malloc.o(i.free) refers to mvars.o(.data) for __microlib_freelist
    malloc.o(i.malloc) refers to mvars.o(.data) for __microlib_freelist_initialised
    malloc.o(i.malloc) refers to mvars.o(.data) for __microlib_freelist
    malloc.o(i.malloc) refers to startup_mk66f18.o(HEAP) for __heap_base
    mallocr.o(i.__free$realloc) refers to mvars.o(.data) for __microlib_freelist
    mallocr.o(i.__malloc$realloc) refers to mallocr.o(i.internal_alloc) for internal_alloc
    mallocr.o(i.__malloc$realloc) refers to mvars.o(.data) for __microlib_freelist_initialised
    mallocr.o(i.__malloc$realloc) refers to startup_mk66f18.o(HEAP) for __heap_base
    mallocr.o(i.__malloc$realloc) refers to mvars.o(.data) for __microlib_freelist
    mallocr.o(i.internal_alloc) refers to memcpya.o(.text) for __aeabi_memcpy
    mallocr.o(i.internal_alloc) refers to mvars.o(.data) for __microlib_freelist
    mallocr.o(i.realloc) refers to mallocr.o(i.__free$realloc) for __free$realloc
    mallocr.o(i.realloc) refers to mallocr.o(i.internal_alloc) for internal_alloc
    mallocr.o(i.realloc) refers to mallocr.o(i.__malloc$realloc) for __malloc$realloc
    mallocr.o(i.realloc) refers to mvars.o(.data) for __microlib_freelist
    malloca.o(i.__aligned_malloc) refers to mvars.o(.data) for __microlib_freelist_initialised
    malloca.o(i.__aligned_malloc) refers to mvars.o(.data) for __microlib_freelist
    malloca.o(i.__aligned_malloc) refers to startup_mk66f18.o(HEAP) for __heap_base
    malloca.o(i.__free$memalign) refers to mvars.o(.data) for __microlib_freelist
    malloca.o(i.__malloc$memalign) refers to malloca.o(i.__aligned_malloc) for __aligned_malloc
    mallocra.o(i.__aligned_malloc$realloc) refers to mallocra.o(i.internal_alloc) for internal_alloc
    mallocra.o(i.__aligned_malloc$realloc) refers to mvars.o(.data) for __microlib_freelist_initialised
    mallocra.o(i.__aligned_malloc$realloc) refers to startup_mk66f18.o(HEAP) for __heap_base
    mallocra.o(i.__aligned_malloc$realloc) refers to mvars.o(.data) for __microlib_freelist
    mallocra.o(i.__free$realloc$memalign) refers to mvars.o(.data) for __microlib_freelist
    mallocra.o(i.__malloc$realloc$memalign) refers to mallocra.o(i.__aligned_malloc$realloc) for __aligned_malloc$realloc
    mallocra.o(i.__realloc$memalign) refers to mallocra.o(i.__free$realloc$memalign) for __free$realloc$memalign
    mallocra.o(i.__realloc$memalign) refers to mallocra.o(i.internal_alloc) for internal_alloc
    mallocra.o(i.__realloc$memalign) refers to mallocra.o(i.__malloc$realloc$memalign) for __malloc$realloc$memalign
    mallocra.o(i.__realloc$memalign) refers to mvars.o(.data) for __microlib_freelist
    mallocra.o(i.internal_alloc) refers to memcpya.o(.text) for __aeabi_memcpy
    mallocra.o(i.internal_alloc) refers to mvars.o(.data) for __microlib_freelist
    entry2.o(.ARM.Collect$$$$00000001) refers to entry2.o(.ARM.Collect$$$$00002712) for __lit__00000000
    entry2.o(.ARM.Collect$$$$00002712) refers to startup_mk66f18.o(STACK) for __initial_sp
    entry2.o(__vectab_stack_and_reset_area) refers to startup_mk66f18.o(STACK) for __initial_sp
    entry2.o(__vectab_stack_and_reset_area) refers to entry.o(.ARM.Collect$$$$00000000) for __main
    entry5.o(.ARM.Collect$$$$00000004) refers to init.o(.text) for __scatterload
    entry9a.o(.ARM.Collect$$$$0000000B) refers to main.o(i.main) for main
    entry9b.o(.ARM.Collect$$$$0000000C) refers to main.o(i.main) for main
    init.o(.text) refers to entry5.o(.ARM.Collect$$$$00000004) for __main_after_scatterload


==============================================================================

Removing Unused input sections from the image.

    Removing startup_mk66f18.o(HEAP), (0 bytes).
    Removing system_mk66.o(.rev16_text), (4 bytes).
    Removing system_mk66.o(.revsh_text), (4 bytes).
    Removing common.o(.rev16_text), (4 bytes).
    Removing common.o(.revsh_text), (4 bytes).
    Removing misc.o(.rev16_text), (4 bytes).
    Removing misc.o(.revsh_text), (4 bytes).
    Removing misc.o(i.write_vtor), (12 bytes).
    Removing mk60_adc.o(.rev16_text), (4 bytes).
    Removing mk60_adc.o(.revsh_text), (4 bytes).
    Removing mk60_adc.o(i.adc_init), (432 bytes).
    Removing mk60_adc.o(i.adc_once), (76 bytes).
    Removing mk60_adc.o(i.adc_start), (56 bytes).
    Removing mk60_adc.o(i.adc_stop), (16 bytes).
    Removing mk60_adc.o(.constdata), (8 bytes).
    Removing mk60_cmt.o(.rev16_text), (4 bytes).
    Removing mk60_cmt.o(.revsh_text), (4 bytes).
    Removing mk60_cmt.o(i.cmt_pwm_duty), (56 bytes).
    Removing mk60_cmt.o(i.cmt_pwm_freq), (108 bytes).
    Removing mk60_cmt.o(i.cmt_pwm_init), (164 bytes).
    Removing mk60_cmt.o(.data), (2 bytes).
    Removing mk60_dac.o(.rev16_text), (4 bytes).
    Removing mk60_dac.o(.revsh_text), (4 bytes).
    Removing mk60_dac.o(i.dac_init), (84 bytes).
    Removing mk60_dac.o(i.dac_out), (28 bytes).
    Removing mk60_dac.o(.constdata), (8 bytes).
    Removing mk60_dma.o(.rev16_text), (4 bytes).
    Removing mk60_dma.o(.revsh_text), (4 bytes).
    Removing mk60_flash.o(.rev16_text), (4 bytes).
    Removing mk60_flash.o(.revsh_text), (4 bytes).
    Removing mk60_flash.o(i.FLASH_EraseSector), (52 bytes).
    Removing mk60_flash.o(i.FLASH_GetSectorSize), (6 bytes).
    Removing mk60_flash.o(i.FLASH_Init), (12 bytes).
    Removing mk60_flash.o(i.FLASH_WriteSector), (132 bytes).
    Removing mk60_flash.o(i.FlashCmdStart), (52 bytes).
    Removing mk60_flash.o(.data), (20 bytes).
    Removing mk60_ftm.o(.rev16_text), (4 bytes).
    Removing mk60_ftm.o(.revsh_text), (4 bytes).
    Removing mk60_ftm.o(i.FTM_port_mux), (268 bytes).
    Removing mk60_ftm.o(i.ftm_input_clean), (16 bytes).
    Removing mk60_ftm.o(i.ftm_input_get), (24 bytes).
    Removing mk60_ftm.o(i.ftm_input_init), (260 bytes).
    Removing mk60_ftm.o(i.ftm_pwm_duty), (104 bytes).
    Removing mk60_ftm.o(i.ftm_pwm_freq), (120 bytes).
    Removing mk60_ftm.o(i.ftm_pwm_init), (284 bytes).
    Removing mk60_ftm.o(i.ftm_quad_clean), (16 bytes).
    Removing mk60_ftm.o(i.ftm_quad_get), (20 bytes).
    Removing mk60_ftm.o(i.ftm_quad_init), (228 bytes).
    Removing mk60_ftm.o(.constdata), (16 bytes).
    Removing mk60_ftm.o(.data), (6 bytes).
    Removing mk60_gpio.o(.rev16_text), (4 bytes).
    Removing mk60_gpio.o(.revsh_text), (4 bytes).
    Removing mk60_gpio.o(i.gpio_ddr), (80 bytes).
    Removing mk60_gpio.o(i.gpio_get), (44 bytes).
    Removing mk60_gpio.o(i.gpio_set), (72 bytes).
    Removing mk60_gpio.o(i.gpio_turn), (40 bytes).
    Removing mk60_i2c.o(.rev16_text), (4 bytes).
    Removing mk60_i2c.o(.revsh_text), (4 bytes).
    Removing mk60_i2c.o(i.i2c_delay), (26 bytes).
    Removing mk60_i2c.o(i.i2c_init), (304 bytes).
    Removing mk60_i2c.o(i.i2c_read_reg), (324 bytes).
    Removing mk60_i2c.o(i.i2c_read_reg_bytes), (452 bytes).
    Removing mk60_i2c.o(i.i2c_write_reg), (204 bytes).
    Removing mk60_i2c.o(.constdata), (128 bytes).
    Removing mk60_i2c.o(.data), (20 bytes).
    Removing mk60_lptmr.o(.rev16_text), (4 bytes).
    Removing mk60_lptmr.o(.revsh_text), (4 bytes).
    Removing mk60_lptmr.o(i.lptmr_pulse_clean), (28 bytes).
    Removing mk60_lptmr.o(i.lptmr_pulse_get), (28 bytes).
    Removing mk60_lptmr.o(i.lptmr_pulse_init), (112 bytes).
    Removing mk60_pit.o(.rev16_text), (4 bytes).
    Removing mk60_pit.o(.revsh_text), (4 bytes).
    Removing mk60_pit.o(i.pit_close), (48 bytes).
    Removing mk60_pit.o(i.pit_delay), (128 bytes).
    Removing mk60_pit.o(i.pit_init), (92 bytes).
    Removing mk60_pit.o(i.pit_time_get), (84 bytes).
    Removing mk60_pit.o(i.pit_time_start), (92 bytes).
    Removing mk60_port.o(.rev16_text), (4 bytes).
    Removing mk60_port.o(.revsh_text), (4 bytes).
    Removing mk60_port.o(i.port_init_NoAlt), (84 bytes).
    Removing mk60_rtc.o(.rev16_text), (4 bytes).
    Removing mk60_rtc.o(.revsh_text), (4 bytes).
    Removing mk60_rtc.o(i.rtc_close_alarm), (20 bytes).
    Removing mk60_rtc.o(i.rtc_get_time), (12 bytes).
    Removing mk60_rtc.o(i.rtc_init), (96 bytes).
    Removing mk60_rtc.o(i.rtc_set_alarm), (56 bytes).
    Removing mk60_rtc.o(i.rtc_set_time), (32 bytes).
    Removing mk60_sdhc.o(.rev16_text), (4 bytes).
    Removing mk60_sdhc.o(.revsh_text), (4 bytes).
    Removing mk60_sdhc.o(i.sdhc_init), (188 bytes).
    Removing mk60_sdhc.o(i.sdhc_initcard), (592 bytes).
    Removing mk60_sdhc.o(i.sdhc_initgpio), (104 bytes).
    Removing mk60_sdhc.o(i.sdhc_ioc), (996 bytes).
    Removing mk60_sdhc.o(i.sdhc_isrunning), (24 bytes).
    Removing mk60_sdhc.o(i.sdhc_read), (276 bytes).
    Removing mk60_sdhc.o(i.sdhc_readblocks), (136 bytes).
    Removing mk60_sdhc.o(i.sdhc_sendcommand), (288 bytes).
    Removing mk60_sdhc.o(i.sdhc_setbaudrate), (232 bytes).
    Removing mk60_sdhc.o(i.sdhc_waitstatus), (24 bytes).
    Removing mk60_sdhc.o(i.sdhc_write), (272 bytes).
    Removing mk60_sdhc.o(i.sdhc_writeblocks), (356 bytes).
    Removing mk60_sdhc.o(.data), (4 bytes).
    Removing mk60_spi.o(.rev16_text), (4 bytes).
    Removing mk60_spi.o(.revsh_text), (4 bytes).
    Removing mk60_spi.o(i.spi_init), (800 bytes).
    Removing mk60_spi.o(i.spi_mosi), (264 bytes).
    Removing mk60_spi.o(i.spi_mosi_cmd), (492 bytes).
    Removing mk60_spi.o(.constdata), (64 bytes).
    Removing mk60_spi.o(.data), (12 bytes).
    Removing mk60_systick.o(.rev16_text), (4 bytes).
    Removing mk60_systick.o(.revsh_text), (4 bytes).
    Removing mk60_systick.o(i.systick_getval), (8 bytes).
    Removing mk60_systick.o(i.systick_timing), (24 bytes).
    Removing mk60_uart.o(.rev16_text), (4 bytes).
    Removing mk60_uart.o(.revsh_text), (4 bytes).
    Removing mk60_uart.o(i.NVIC_DisableIRQ), (24 bytes).
    Removing mk60_uart.o(i.fputc), (18 bytes).
    Removing mk60_uart.o(i.uart_putstr), (26 bytes).
    Removing mk60_uart.o(i.uart_querychar), (36 bytes).
    Removing mk60_uart.o(i.uart_rx_irq_dis), (56 bytes).
    Removing mk60_uart.o(i.uart_txc_irq_dis), (56 bytes).
    Removing mk60_uart.o(i.uart_txc_irq_en), (44 bytes).
    Removing mk60_wdog.o(.rev16_text), (4 bytes).
    Removing mk60_wdog.o(.revsh_text), (4 bytes).
    Removing mk60_wdog.o(i.wdog_disable), (24 bytes).
    Removing mk60_wdog.o(i.wdog_enable), (24 bytes).
    Removing mk60_wdog.o(i.wdog_feed), (36 bytes).
    Removing mk60_wdog.o(i.wdog_init_ms), (40 bytes).
    Removing mk60_wdog.o(i.wdog_unlock), (36 bytes).
    Removing isr.o(.rev16_text), (4 bytes).
    Removing isr.o(.revsh_text), (4 bytes).
    Removing main.o(.rev16_text), (4 bytes).
    Removing main.o(.revsh_text), (4 bytes).
    Removing seekfree_18tft.o(.rev16_text), (4 bytes).
    Removing seekfree_18tft.o(.revsh_text), (4 bytes).
    Removing seekfree_18tft.o(i.LCD_WriteData_16Bit), (54 bytes).
    Removing seekfree_18tft.o(i.Lcd_SetRegion), (90 bytes).
    Removing seekfree_18tft.o(i.Lcd_WriteData), (30 bytes).
    Removing seekfree_18tft.o(i.Lcd_WriteIndex), (30 bytes).
    Removing seekfree_18tft.o(i.displayimage032), (118 bytes).
    Removing seekfree_18tft.o(i.displayimage7725), (94 bytes).
    Removing seekfree_18tft.o(i.dsp_single_colour), (48 bytes).
    Removing seekfree_18tft.o(i.lcd_init), (620 bytes).
    Removing seekfree_18tft.o(i.tft_delay), (12 bytes).
    Removing seekfree_7725.o(.rev16_text), (4 bytes).
    Removing seekfree_7725.o(.revsh_text), (4 bytes).
    Removing seekfree_7725.o(i.Image_Decompression), (64 bytes).
    Removing seekfree_7725.o(i.NVIC_EnableIRQ), (22 bytes).
    Removing seekfree_7725.o(i.ov7725_dma), (28 bytes).
    Removing seekfree_7725.o(i.ov7725_init), (18 bytes).
    Removing seekfree_7725.o(i.ov7725_port_init), (128 bytes).
    Removing seekfree_7725.o(i.ov7725_reg_init), (576 bytes).
    Removing seekfree_7725.o(i.ov7725_vsync), (72 bytes).
    Removing seekfree_7725.o(i.seekfree_sendimg_7725), (50 bytes).
    Removing seekfree_7725.o(.bss), (5400 bytes).
    Removing seekfree_7725.o(.data), (2 bytes).
    Removing seekfree_fun.o(.rev16_text), (4 bytes).
    Removing seekfree_fun.o(.revsh_text), (4 bytes).
    Removing seekfree_fun.o(i.limit), (70 bytes).
    Removing seekfree_fun.o(i.limit_ab), (14 bytes).
    Removing seekfree_fun.o(i.my_delay), (12 bytes).
    Removing seekfree_fun.o(i.myabs), (14 bytes).
    Removing seekfree_iic.o(.rev16_text), (4 bytes).
    Removing seekfree_iic.o(.revsh_text), (4 bytes).
    Removing seekfree_iic.o(i.I2C_SendACK), (62 bytes).
    Removing seekfree_iic.o(i.IIC_init), (40 bytes).
    Removing seekfree_iic.o(i.IIC_start), (44 bytes).
    Removing seekfree_iic.o(i.IIC_stop), (48 bytes).
    Removing seekfree_iic.o(i.SCCB_WaitAck), (86 bytes).
    Removing seekfree_iic.o(i.read_ch), (118 bytes).
    Removing seekfree_iic.o(i.send_ch), (76 bytes).
    Removing seekfree_iic.o(i.simiic_delay), (16 bytes).
    Removing seekfree_iic.o(i.simiic_read_reg), (72 bytes).
    Removing seekfree_iic.o(i.simiic_write_reg), (42 bytes).
    Removing seekfree_iic.o(.data), (9 bytes).
    Removing seekfree_l3g4200d.o(.rev16_text), (4 bytes).
    Removing seekfree_l3g4200d.o(.revsh_text), (4 bytes).
    Removing seekfree_l3g4200d.o(i.InitL3G4200D), (72 bytes).
    Removing seekfree_l3g4200d.o(i.get_l3g4200d), (172 bytes).
    Removing seekfree_l3g4200d.o(.data), (7 bytes).
    Removing seekfree_mma8451.o(.rev16_text), (4 bytes).
    Removing seekfree_mma8451.o(.revsh_text), (4 bytes).
    Removing seekfree_mma8451.o(i.MMA845x_init), (64 bytes).
    Removing seekfree_mma8451.o(i.get_mma8451), (188 bytes).
    Removing seekfree_mma8451.o(.data), (6 bytes).
    Removing seekfree_mpu6050.o(.rev16_text), (4 bytes).
    Removing seekfree_mpu6050.o(.revsh_text), (4 bytes).
    Removing seekfree_mpu6050.o(i.GetData), (38 bytes).
    Removing seekfree_mpu6050.o(i.Get_AccData), (52 bytes).
    Removing seekfree_mpu6050.o(i.Get_Gyro), (52 bytes).
    Removing seekfree_mpu6050.o(i.InitMPU6050), (74 bytes).
    Removing seekfree_mpu6050.o(.data), (12 bytes).
    Removing seekfree_mt9v032.o(.rev16_text), (4 bytes).
    Removing seekfree_mt9v032.o(.revsh_text), (4 bytes).
    Removing seekfree_mt9v032.o(i.get_version), (76 bytes).
    Removing seekfree_mt9v032.o(i.set_exposure_time), (80 bytes).
    Removing seekfree_mt9v032.o(i.set_mt9v032_reg), (124 bytes).
    Removing seekfree_nrf24l01.o(.rev16_text), (4 bytes).
    Removing seekfree_nrf24l01.o(.revsh_text), (4 bytes).
    Removing seekfree_nrf24l01.o(i.NRF_Dev_Init), (236 bytes).
    Removing seekfree_nrf24l01.o(i.NRF_Rece_Packet), (54 bytes).
    Removing seekfree_nrf24l01.o(i.NRF_SPI_R_Reg_Burst), (60 bytes).
    Removing seekfree_nrf24l01.o(i.NRF_SPI_R_Reg_Byte), (38 bytes).
    Removing seekfree_nrf24l01.o(i.NRF_SPI_WR_Byte), (58 bytes).
    Removing seekfree_nrf24l01.o(i.NRF_SPI_W_Cmd_Byte), (32 bytes).
    Removing seekfree_nrf24l01.o(i.NRF_SPI_W_Reg_Burst), (58 bytes).
    Removing seekfree_nrf24l01.o(i.NRF_SPI_W_Reg_Byte), (40 bytes).
    Removing seekfree_nrf24l01.o(i.NRF_Send_Packet), (136 bytes).
    Removing seekfree_nrf24l01.o(.bss), (64 bytes).
    Removing seekfree_nrf24l01.o(.data), (5 bytes).
    Removing seekfree_oled.o(.rev16_text), (4 bytes).
    Removing seekfree_oled.o(.revsh_text), (4 bytes).
    Removing seekfree_oled.o(i.OLED_ClrPixel), (72 bytes).
    Removing seekfree_oled.o(i.OLED_DLY_ms), (28 bytes).
    Removing seekfree_oled.o(i.OLED_Fill), (58 bytes).
    Removing seekfree_oled.o(i.OLED_HEXACSII), (48 bytes).
    Removing seekfree_oled.o(i.OLED_Init), (288 bytes).
    Removing seekfree_oled.o(i.OLED_P6x8Str), (100 bytes).
    Removing seekfree_oled.o(i.OLED_P8x16Str), (136 bytes).
    Removing seekfree_oled.o(i.OLED_Print_Num), (52 bytes).
    Removing seekfree_oled.o(i.OLED_Print_Num1), (92 bytes).
    Removing seekfree_oled.o(i.OLED_PutPixel), (72 bytes).
    Removing seekfree_oled.o(i.OLED_Set_Pos), (40 bytes).
    Removing seekfree_oled.o(i.OLED_Wr6Dat), (80 bytes).
    Removing seekfree_oled.o(i.OLED_WrCmd), (80 bytes).
    Removing seekfree_oled.o(i.OLED_WrDat), (80 bytes).
    Removing seekfree_oled.o(i.dis_bmp), (472 bytes).
    Removing seekfree_oled.o(.constdata), (2072 bytes).
    Removing seekfree_tsl1401.o(.rev16_text), (4 bytes).
    Removing seekfree_tsl1401.o(.revsh_text), (4 bytes).
    Removing seekfree_tsl1401.o(i.ccd_collect), (100 bytes).
    Removing seekfree_tsl1401.o(i.ccd_init), (88 bytes).
    Removing seekfree_tsl1401.o(.bss), (256 bytes).
    Removing diskio.o(.rev16_text), (4 bytes).
    Removing diskio.o(.revsh_text), (4 bytes).
    Removing diskio.o(i.disk_initialize), (18 bytes).
    Removing diskio.o(i.disk_ioctl), (80 bytes).
    Removing diskio.o(i.disk_read), (34 bytes).
    Removing diskio.o(i.disk_status), (16 bytes).
    Removing diskio.o(i.disk_write), (34 bytes).
    Removing ff.o(i.check_fs), (144 bytes).
    Removing ff.o(i.chk_chr), (24 bytes).
    Removing ff.o(i.chk_lock), (140 bytes).
    Removing ff.o(i.chk_mounted), (940 bytes).
    Removing ff.o(i.clear_lock), (48 bytes).
    Removing ff.o(i.clmt_clust), (50 bytes).
    Removing ff.o(i.clust2sect), (26 bytes).
    Removing ff.o(i.create_chain), (202 bytes).
    Removing ff.o(i.create_name), (368 bytes).
    Removing ff.o(i.dec_lock), (76 bytes).
    Removing ff.o(i.dir_alloc), (86 bytes).
    Removing ff.o(i.dir_find), (92 bytes).
    Removing ff.o(i.dir_next), (276 bytes).
    Removing ff.o(i.dir_read), (108 bytes).
    Removing ff.o(i.dir_register), (58 bytes).
    Removing ff.o(i.dir_remove), (44 bytes).
    Removing ff.o(i.dir_sdi), (156 bytes).
    Removing ff.o(i.enq_lock), (40 bytes).
    Removing ff.o(i.f_chdir), (84 bytes).
    Removing ff.o(i.f_chdrive), (24 bytes).
    Removing ff.o(i.f_chmod), (96 bytes).
    Removing ff.o(i.f_close), (32 bytes).
    Removing ff.o(i.f_getcwd), (300 bytes).
    Removing ff.o(i.f_getfree), (260 bytes).
    Removing ff.o(i.f_gets), (88 bytes).
    Removing ff.o(i.f_lseek), (732 bytes).
    Removing ff.o(i.f_mkdir), (362 bytes).
    Removing ff.o(i.f_mkfs), (1588 bytes).
    Removing ff.o(i.f_mount), (52 bytes).
    Removing ff.o(i.f_open), (406 bytes).
    Removing ff.o(i.f_opendir), (112 bytes).
    Removing ff.o(i.f_printf), (690 bytes).
    Removing ff.o(i.f_putc), (52 bytes).
    Removing ff.o(i.f_puts), (44 bytes).
    Removing ff.o(i.f_read), (474 bytes).
    Removing ff.o(i.f_readdir), (88 bytes).
    Removing ff.o(i.f_rename), (300 bytes).
    Removing ff.o(i.f_stat), (58 bytes).
    Removing ff.o(i.f_sync), (174 bytes).
    Removing ff.o(i.f_truncate), (154 bytes).
    Removing ff.o(i.f_unlink), (202 bytes).
    Removing ff.o(i.f_utime), (98 bytes).
    Removing ff.o(i.f_write), (542 bytes).
    Removing ff.o(i.follow_path), (176 bytes).
    Removing ff.o(i.get_fat), (228 bytes).
    Removing ff.o(i.get_fileinfo), (158 bytes).
    Removing ff.o(i.inc_lock), (220 bytes).
    Removing ff.o(i.ld_clust), (32 bytes).
    Removing ff.o(i.mem_cmp), (38 bytes).
    Removing ff.o(i.mem_cpy), (26 bytes).
    Removing ff.o(i.mem_set), (20 bytes).
    Removing ff.o(i.move_window), (50 bytes).
    Removing ff.o(i.put_fat), (310 bytes).
    Removing ff.o(i.remove_chain), (104 bytes).
    Removing ff.o(i.st_clust), (16 bytes).
    Removing ff.o(i.sync_fs), (200 bytes).
    Removing ff.o(i.sync_window), (82 bytes).
    Removing ff.o(i.validate), (54 bytes).
    Removing ff.o(.bss), (96 bytes).
    Removing ff.o(.constdata), (172 bytes).
    Removing ff.o(.data), (7 bytes).

301 unused section(s) (total 37392 bytes) removed from the image.

==============================================================================

Image Symbol Table

    Local Symbols

    Symbol Name                              Value     Ov Type        Size  Object(Section)

    RESET                                    0x00000000   Section     1024  startup_mk66f18.o(RESET)
    ../clib/microlib/init/entry.s            0x00000000   Number         0  entry9a.o ABSOLUTE
    ../clib/microlib/init/entry.s            0x00000000   Number         0  entry10a.o ABSOLUTE
    ../clib/microlib/init/entry.s            0x00000000   Number         0  entry9b.o ABSOLUTE
    ../clib/microlib/init/entry.s            0x00000000   Number         0  entry8b.o ABSOLUTE
    ../clib/microlib/init/entry.s            0x00000000   Number         0  entry8a.o ABSOLUTE
    ../clib/microlib/init/entry.s            0x00000000   Number         0  entry.o ABSOLUTE
    ../clib/microlib/init/entry.s            0x00000000   Number         0  entry11b.o ABSOLUTE
    ../clib/microlib/init/entry.s            0x00000000   Number         0  entry7b.o ABSOLUTE
    ../clib/microlib/init/entry.s            0x00000000   Number         0  entry11a.o ABSOLUTE
    ../clib/microlib/init/entry.s            0x00000000   Number         0  entry10b.o ABSOLUTE
    ../clib/microlib/init/entry.s            0x00000000   Number         0  entry5.o ABSOLUTE
    ../clib/microlib/init/entry.s            0x00000000   Number         0  entry2.o ABSOLUTE
    ../clib/microlib/init/entry.s            0x00000000   Number         0  entry7a.o ABSOLUTE
    ../clib/microlib/malloc/malloc.c         0x00000000   Number         0  mallocra.o ABSOLUTE
    ../clib/microlib/malloc/malloc.c         0x00000000   Number         0  malloca.o ABSOLUTE
    ../clib/microlib/malloc/malloc.c         0x00000000   Number         0  mallocr.o ABSOLUTE
    ../clib/microlib/malloc/malloc.c         0x00000000   Number         0  malloc.o ABSOLUTE
    ../clib/microlib/malloc/mvars.c          0x00000000   Number         0  mvars.o ABSOLUTE
    ../clib/microlib/string/memcpy.c         0x00000000   Number         0  memcpyb.o ABSOLUTE
    ../clib/microlib/string/memcpy.c         0x00000000   Number         0  memcpya.o ABSOLUTE
    ..\..\Libraries\FatFs\diskio.c           0x00000000   Number         0  diskio.o ABSOLUTE
    ..\..\Libraries\FatFs\ff.c               0x00000000   Number         0  ff.o ABSOLUTE
    ..\..\Libraries\drives\src\MK60_adc.c    0x00000000   Number         0  mk60_adc.o ABSOLUTE
    ..\..\Libraries\drives\src\MK60_cmt.c    0x00000000   Number         0  mk60_cmt.o ABSOLUTE
    ..\..\Libraries\drives\src\MK60_dac.c    0x00000000   Number         0  mk60_dac.o ABSOLUTE
    ..\..\Libraries\drives\src\MK60_dma.c    0x00000000   Number         0  mk60_dma.o ABSOLUTE
    ..\..\Libraries\drives\src\MK60_flash.c  0x00000000   Number         0  mk60_flash.o ABSOLUTE
    ..\..\Libraries\drives\src\MK60_ftm.c    0x00000000   Number         0  mk60_ftm.o ABSOLUTE
    ..\..\Libraries\drives\src\MK60_gpio.c   0x00000000   Number         0  mk60_gpio.o ABSOLUTE
    ..\..\Libraries\drives\src\MK60_i2c.c    0x00000000   Number         0  mk60_i2c.o ABSOLUTE
    ..\..\Libraries\drives\src\MK60_lptmr.c  0x00000000   Number         0  mk60_lptmr.o ABSOLUTE
    ..\..\Libraries\drives\src\MK60_pit.c    0x00000000   Number         0  mk60_pit.o ABSOLUTE
    ..\..\Libraries\drives\src\MK60_port.c   0x00000000   Number         0  mk60_port.o ABSOLUTE
    ..\..\Libraries\drives\src\MK60_rtc.c    0x00000000   Number         0  mk60_rtc.o ABSOLUTE
    ..\..\Libraries\drives\src\MK60_sdhc.c   0x00000000   Number         0  mk60_sdhc.o ABSOLUTE
    ..\..\Libraries\drives\src\MK60_spi.c    0x00000000   Number         0  mk60_spi.o ABSOLUTE
    ..\..\Libraries\drives\src\MK60_systick.c 0x00000000   Number         0  mk60_systick.o ABSOLUTE
    ..\..\Libraries\drives\src\MK60_uart.c   0x00000000   Number         0  mk60_uart.o ABSOLUTE
    ..\..\Libraries\drives\src\MK60_wdog.c   0x00000000   Number         0  mk60_wdog.o ABSOLUTE
    ..\..\Libraries\drives\src\common.c      0x00000000   Number         0  common.o ABSOLUTE
    ..\..\Libraries\drives\src\misc.c        0x00000000   Number         0  misc.o ABSOLUTE
    ..\..\Libraries\seekfree\SEEKFREE_18TFT.c 0x00000000   Number         0  seekfree_18tft.o ABSOLUTE
    ..\..\Libraries\seekfree\SEEKFREE_7725.c 0x00000000   Number         0  seekfree_7725.o ABSOLUTE
    ..\..\Libraries\seekfree\SEEKFREE_FUN.c  0x00000000   Number         0  seekfree_fun.o ABSOLUTE
    ..\..\Libraries\seekfree\SEEKFREE_IIC.c  0x00000000   Number         0  seekfree_iic.o ABSOLUTE
    ..\..\Libraries\seekfree\SEEKFREE_L3G4200D.c 0x00000000   Number         0  seekfree_l3g4200d.o ABSOLUTE
    ..\..\Libraries\seekfree\SEEKFREE_MMA8451.c 0x00000000   Number         0  seekfree_mma8451.o ABSOLUTE
    ..\..\Libraries\seekfree\SEEKFREE_MPU6050.c 0x00000000   Number         0  seekfree_mpu6050.o ABSOLUTE
    ..\..\Libraries\seekfree\SEEKFREE_MT9V032.c 0x00000000   Number         0  seekfree_mt9v032.o ABSOLUTE
    ..\..\Libraries\seekfree\SEEKFREE_NRF24L01.c 0x00000000   Number         0  seekfree_nrf24l01.o ABSOLUTE
    ..\..\Libraries\seekfree\SEEKFREE_OLED.c 0x00000000   Number         0  seekfree_oled.o ABSOLUTE
    ..\..\Libraries\seekfree\SEEKFREE_TSL1401.c 0x00000000   Number         0  seekfree_tsl1401.o ABSOLUTE
    ..\..\Libraries\startup\DeviceSupport\MDK-ARM\startup_MK66F18.s 0x00000000   Number         0  startup_mk66f18.o ABSOLUTE
    ..\..\Libraries\startup\DeviceSupport\system_MK66.c 0x00000000   Number         0  system_mk66.o ABSOLUTE
    ..\USER\src\isr.c                        0x00000000   Number         0  isr.o ABSOLUTE
    ..\USER\src\main.c                       0x00000000   Number         0  main.o ABSOLUTE
    ..\\..\\Libraries\\FatFs\\diskio.c       0x00000000   Number         0  diskio.o ABSOLUTE
    ..\\..\\Libraries\\drives\\src\\MK60_adc.c 0x00000000   Number         0  mk60_adc.o ABSOLUTE
    ..\\..\\Libraries\\drives\\src\\MK60_cmt.c 0x00000000   Number         0  mk60_cmt.o ABSOLUTE
    ..\\..\\Libraries\\drives\\src\\MK60_dac.c 0x00000000   Number         0  mk60_dac.o ABSOLUTE
    ..\\..\\Libraries\\drives\\src\\MK60_dma.c 0x00000000   Number         0  mk60_dma.o ABSOLUTE
    ..\\..\\Libraries\\drives\\src\\MK60_flash.c 0x00000000   Number         0  mk60_flash.o ABSOLUTE
    ..\\..\\Libraries\\drives\\src\\MK60_ftm.c 0x00000000   Number         0  mk60_ftm.o ABSOLUTE
    ..\\..\\Libraries\\drives\\src\\MK60_gpio.c 0x00000000   Number         0  mk60_gpio.o ABSOLUTE
    ..\\..\\Libraries\\drives\\src\\MK60_i2c.c 0x00000000   Number         0  mk60_i2c.o ABSOLUTE
    ..\\..\\Libraries\\drives\\src\\MK60_lptmr.c 0x00000000   Number         0  mk60_lptmr.o ABSOLUTE
    ..\\..\\Libraries\\drives\\src\\MK60_pit.c 0x00000000   Number         0  mk60_pit.o ABSOLUTE
    ..\\..\\Libraries\\drives\\src\\MK60_port.c 0x00000000   Number         0  mk60_port.o ABSOLUTE
    ..\\..\\Libraries\\drives\\src\\MK60_rtc.c 0x00000000   Number         0  mk60_rtc.o ABSOLUTE
    ..\\..\\Libraries\\drives\\src\\MK60_sdhc.c 0x00000000   Number         0  mk60_sdhc.o ABSOLUTE
    ..\\..\\Libraries\\drives\\src\\MK60_spi.c 0x00000000   Number         0  mk60_spi.o ABSOLUTE
    ..\\..\\Libraries\\drives\\src\\MK60_systick.c 0x00000000   Number         0  mk60_systick.o ABSOLUTE
    ..\\..\\Libraries\\drives\\src\\MK60_uart.c 0x00000000   Number         0  mk60_uart.o ABSOLUTE
    ..\\..\\Libraries\\drives\\src\\MK60_wdog.c 0x00000000   Number         0  mk60_wdog.o ABSOLUTE
    ..\\..\\Libraries\\drives\\src\\common.c 0x00000000   Number         0  common.o ABSOLUTE
    ..\\..\\Libraries\\drives\\src\\misc.c   0x00000000   Number         0  misc.o ABSOLUTE
    ..\\..\\Libraries\\seekfree\\SEEKFREE_18TFT.c 0x00000000   Number         0  seekfree_18tft.o ABSOLUTE
    ..\\..\\Libraries\\seekfree\\SEEKFREE_7725.c 0x00000000   Number         0  seekfree_7725.o ABSOLUTE
    ..\\..\\Libraries\\seekfree\\SEEKFREE_FUN.c 0x00000000   Number         0  seekfree_fun.o ABSOLUTE
    ..\\..\\Libraries\\seekfree\\SEEKFREE_IIC.c 0x00000000   Number         0  seekfree_iic.o ABSOLUTE
    ..\\..\\Libraries\\seekfree\\SEEKFREE_L3G4200D.c 0x00000000   Number         0  seekfree_l3g4200d.o ABSOLUTE
    ..\\..\\Libraries\\seekfree\\SEEKFREE_MMA8451.c 0x00000000   Number         0  seekfree_mma8451.o ABSOLUTE
    ..\\..\\Libraries\\seekfree\\SEEKFREE_MPU6050.c 0x00000000   Number         0  seekfree_mpu6050.o ABSOLUTE
    ..\\..\\Libraries\\seekfree\\SEEKFREE_MT9V032.c 0x00000000   Number         0  seekfree_mt9v032.o ABSOLUTE
    ..\\..\\Libraries\\seekfree\\SEEKFREE_NRF24L01.c 0x00000000   Number         0  seekfree_nrf24l01.o ABSOLUTE
    ..\\..\\Libraries\\seekfree\\SEEKFREE_OLED.c 0x00000000   Number         0  seekfree_oled.o ABSOLUTE
    ..\\..\\Libraries\\seekfree\\SEEKFREE_TSL1401.c 0x00000000   Number         0  seekfree_tsl1401.o ABSOLUTE
    ..\\..\\Libraries\\startup\\DeviceSupport\\system_MK66.c 0x00000000   Number         0  system_mk66.o ABSOLUTE
    ..\\USER\\src\\isr.c                     0x00000000   Number         0  isr.o ABSOLUTE
    ..\\USER\\src\\main.c                    0x00000000   Number         0  main.o ABSOLUTE
    dc.s                                     0x00000000   Number         0  dc.o ABSOLUTE
    handlers.s                               0x00000000   Number         0  handlers.o ABSOLUTE
    init.s                                   0x00000000   Number         0  init.o ABSOLUTE
    .ARM.__at_0x400                          0x00000400   Section       16  startup_mk66f18.o(.ARM.__at_0x400)
    .ARM.Collect$$$$00000000                 0x00000410   Section        0  entry.o(.ARM.Collect$$$$00000000)
    .ARM.Collect$$$$00000001                 0x00000410   Section        4  entry2.o(.ARM.Collect$$$$00000001)
    .ARM.Collect$$$$00000004                 0x00000414   Section        4  entry5.o(.ARM.Collect$$$$00000004)
    .ARM.Collect$$$$00000008                 0x00000418   Section        0  entry7b.o(.ARM.Collect$$$$00000008)
    .ARM.Collect$$$$0000000A                 0x00000418   Section        0  entry8b.o(.ARM.Collect$$$$0000000A)
    .ARM.Collect$$$$0000000B                 0x00000418   Section        8  entry9a.o(.ARM.Collect$$$$0000000B)
    .ARM.Collect$$$$0000000D                 0x00000420   Section        0  entry10a.o(.ARM.Collect$$$$0000000D)
    .ARM.Collect$$$$0000000F                 0x00000420   Section        0  entry11a.o(.ARM.Collect$$$$0000000F)
    .ARM.Collect$$$$00002712                 0x00000420   Section        4  entry2.o(.ARM.Collect$$$$00002712)
    __lit__00000000                          0x00000420   Data           4  entry2.o(.ARM.Collect$$$$00002712)
    .text                                    0x00000424   Section       40  startup_mk66f18.o(.text)
    $v0                                      0x00000424   Number         0  startup_mk66f18.o(.text)
    .text                                    0x0000044c   Section       36  init.o(.text)
    i.DMA0_IRQHandler                        0x00000470   Section        0  isr.o(i.DMA0_IRQHandler)
    i.Disable_Wdog                           0x00000488   Section        0  system_mk66.o(i.Disable_Wdog)
    i.NMI_Handler                            0x000004a4   Section        0  system_mk66.o(i.NMI_Handler)
    i.NVIC_EnableIRQ                         0x000004a6   Section        0  mk60_uart.o(i.NVIC_EnableIRQ)
    NVIC_EnableIRQ                           0x000004a7   Thumb Code    22  mk60_uart.o(i.NVIC_EnableIRQ)
    i.NVIC_EnableIRQ                         0x000004bc   Section        0  seekfree_mt9v032.o(i.NVIC_EnableIRQ)
    NVIC_EnableIRQ                           0x000004bd   Thumb Code    22  seekfree_mt9v032.o(i.NVIC_EnableIRQ)
    i.PIT0_IRQHandler                        0x000004d4   Section        0  isr.o(i.PIT0_IRQHandler)
    i.PORTA_IRQHandler                       0x000004e8   Section        0  isr.o(i.PORTA_IRQHandler)
    i.PORTC_IRQHandler                       0x000004f8   Section        0  isr.o(i.PORTC_IRQHandler)
    i.SYSTEM_CLK                             0x0000050c   Section        0  system_mk66.o(i.SYSTEM_CLK)
    i.Start                                  0x000005c4   Section        0  system_mk66.o(i.Start)
    i.UART3_RX_TX_IRQHandler                 0x000005ec   Section        0  isr.o(i.UART3_RX_TX_IRQHandler)
    i.VSYNC                                  0x00000608   Section        0  seekfree_mt9v032.o(i.VSYNC)
    i.__scatterload_copy                     0x00000660   Section       14  handlers.o(i.__scatterload_copy)
    i.__scatterload_null                     0x0000066e   Section        2  handlers.o(i.__scatterload_null)
    i.__scatterload_zeroinit                 0x00000670   Section       14  handlers.o(i.__scatterload_zeroinit)
    i.camera_init                            0x00000680   Section        0  seekfree_mt9v032.o(i.camera_init)
    i.div_set                                0x000007c8   Section        0  system_mk66.o(i.div_set)
    i.dma_portx2buff_init                    0x00000814   Section        0  mk60_dma.o(i.dma_portx2buff_init)
    i.get_clk                                0x000009b8   Section        0  common.o(i.get_clk)
    i.get_config                             0x00000a2c   Section        0  seekfree_mt9v032.o(i.get_config)
    i.gpio_init                              0x00000a98   Section        0  mk60_gpio.o(i.gpio_init)
    i.main                                   0x00000b6c   Section        0  main.o(i.main)
    i.mt9v032_cof_uart_interrupt             0x00000ba0   Section        0  seekfree_mt9v032.o(i.mt9v032_cof_uart_interrupt)
    i.port_init                              0x00000bf0   Section        0  mk60_port.o(i.port_init)
    i.row_finished                           0x00000c64   Section        0  seekfree_mt9v032.o(i.row_finished)
    i.seekfree_sendimg_032                   0x00000c70   Section        0  seekfree_mt9v032.o(i.seekfree_sendimg_032)
    i.systick_delay                          0x00000ca4   Section        0  mk60_systick.o(i.systick_delay)
    i.systick_delay_ms                       0x00000cd0   Section        0  mk60_systick.o(i.systick_delay_ms)
    i.uart_getchar                           0x00000cf4   Section        0  mk60_uart.o(i.uart_getchar)
    i.uart_init                              0x00000d18   Section        0  mk60_uart.o(i.uart_init)
    i.uart_putbuff                           0x00000ef0   Section        0  mk60_uart.o(i.uart_putbuff)
    i.uart_putchar                           0x00000f10   Section        0  mk60_uart.o(i.uart_putchar)
    i.uart_rx_irq_en                         0x00000f30   Section        0  mk60_uart.o(i.uart_rx_irq_en)
    .constdata                               0x00000f5c   Section       40  mk60_gpio.o(.constdata)
    PORTX                                    0x00000f5c   Data          20  mk60_gpio.o(.constdata)
    GPIOX                                    0x00000f70   Data          20  mk60_gpio.o(.constdata)
    .constdata                               0x00000f84   Section       40  mk60_port.o(.constdata)
    PORTX                                    0x00000f84   Data          20  mk60_port.o(.constdata)
    GPIOX                                    0x00000f98   Data          20  mk60_port.o(.constdata)
    .data                                    0x1fff0000   Section       12  common.o(.data)
    .data                                    0x1fff000c   Section       20  mk60_uart.o(.data)
    .data                                    0x1fff0020   Section       77  seekfree_mt9v032.o(.data)
    .bss                                     0x1fff0070   Section    22560  seekfree_mt9v032.o(.bss)
    STACK                                    0x1fff5890   Section     1024  startup_mk66f18.o(STACK)

    Global Symbols

    Symbol Name                              Value     Ov Type        Size  Object(Section)

    BuildAttributes$$THM_ISAv4$E$P$D$K$B$S$7EM$VFPi3$EXTD16$VFPS$VFMA$PE$A:L22UL41UL21$X:L11$S22US41US21$IEEE1$IW$USESV6$~STKCKD$USESV7$~SHL$OSPACE$EBA8$MICROLIB$REQ8$PRES8$EABIv2 0x00000000   Number         0  anon$$obj.o ABSOLUTE
    __ARM_use_no_argv                        0x00000000   Number         0  main.o ABSOLUTE
    __Vectors                                0x00000000   Data           4  startup_mk66f18.o(RESET)
    __cpp_initialize__aeabi_                  - Undefined Weak Reference
    __cxa_finalize                            - Undefined Weak Reference
    __decompress                              - Undefined Weak Reference
    _clock_init                               - Undefined Weak Reference
    _microlib_exit                            - Undefined Weak Reference
    __Vectors_End                            0x00000400   Data           0  startup_mk66f18.o(RESET)
    __Vectors_Size                           0x00000400   Number         0  startup_mk66f18.o ABSOLUTE
    __main                                   0x00000411   Thumb Code     0  entry.o(.ARM.Collect$$$$00000000)
    _main_stk                                0x00000411   Thumb Code     0  entry2.o(.ARM.Collect$$$$00000001)
    _main_scatterload                        0x00000415   Thumb Code     0  entry5.o(.ARM.Collect$$$$00000004)
    __main_after_scatterload                 0x00000419   Thumb Code     0  entry5.o(.ARM.Collect$$$$00000004)
    _main_clock                              0x00000419   Thumb Code     0  entry7b.o(.ARM.Collect$$$$00000008)
    _main_cpp_init                           0x00000419   Thumb Code     0  entry8b.o(.ARM.Collect$$$$0000000A)
    _main_init                               0x00000419   Thumb Code     0  entry9a.o(.ARM.Collect$$$$0000000B)
    __rt_final_cpp                           0x00000421   Thumb Code     0  entry10a.o(.ARM.Collect$$$$0000000D)
    __rt_final_exit                          0x00000421   Thumb Code     0  entry11a.o(.ARM.Collect$$$$0000000F)
    Reset_Handler                            0x00000425   Thumb Code    12  startup_mk66f18.o(.text)
    HardFault_Handler                        0x00000433   Thumb Code     2  startup_mk66f18.o(.text)
    MemManage_Handler                        0x00000435   Thumb Code     2  startup_mk66f18.o(.text)
    BusFault_Handler                         0x00000437   Thumb Code     2  startup_mk66f18.o(.text)
    UsageFault_Handler                       0x00000439   Thumb Code     2  startup_mk66f18.o(.text)
    SVC_Handler                              0x0000043b   Thumb Code     2  startup_mk66f18.o(.text)
    DebugMon_Handler                         0x0000043d   Thumb Code     2  startup_mk66f18.o(.text)
    PendSV_Handler                           0x0000043f   Thumb Code     2  startup_mk66f18.o(.text)
    SysTick_Handler                          0x00000441   Thumb Code     2  startup_mk66f18.o(.text)
    ADC0_IRQHandler                          0x00000443   Thumb Code     0  startup_mk66f18.o(.text)
    ADC1_IRQHandler                          0x00000443   Thumb Code     0  startup_mk66f18.o(.text)
    CAN0_Bus_Off_IRQHandler                  0x00000443   Thumb Code     0  startup_mk66f18.o(.text)
    CAN0_Error_IRQHandler                    0x00000443   Thumb Code     0  startup_mk66f18.o(.text)
    CAN0_ORed_Message_buffer_IRQHandler      0x00000443   Thumb Code     0  startup_mk66f18.o(.text)
    CAN0_Rx_Warning_IRQHandler               0x00000443   Thumb Code     0  startup_mk66f18.o(.text)
    CAN0_Tx_Warning_IRQHandler               0x00000443   Thumb Code     0  startup_mk66f18.o(.text)
    CAN0_Wake_Up_IRQHandler                  0x00000443   Thumb Code     0  startup_mk66f18.o(.text)
    CAN1_Bus_Off_IRQHandler                  0x00000443   Thumb Code     0  startup_mk66f18.o(.text)
    CAN1_Error_IRQHandler                    0x00000443   Thumb Code     0  startup_mk66f18.o(.text)
    CAN1_ORed_Message_buffer_IRQHandler      0x00000443   Thumb Code     0  startup_mk66f18.o(.text)
    CAN1_Rx_Warning_IRQHandler               0x00000443   Thumb Code     0  startup_mk66f18.o(.text)
    CAN1_Tx_Warning_IRQHandler               0x00000443   Thumb Code     0  startup_mk66f18.o(.text)
    CAN1_Wake_Up_IRQHandler                  0x00000443   Thumb Code     0  startup_mk66f18.o(.text)
    CMP0_IRQHandler                          0x00000443   Thumb Code     0  startup_mk66f18.o(.text)
    CMP1_IRQHandler                          0x00000443   Thumb Code     0  startup_mk66f18.o(.text)
    CMP2_IRQHandler                          0x00000443   Thumb Code     0  startup_mk66f18.o(.text)
    CMP3_IRQHandler                          0x00000443   Thumb Code     0  startup_mk66f18.o(.text)
    CMT_IRQHandler                           0x00000443   Thumb Code     0  startup_mk66f18.o(.text)
    DAC0_IRQHandler                          0x00000443   Thumb Code     0  startup_mk66f18.o(.text)
    DAC1_IRQHandler                          0x00000443   Thumb Code     0  startup_mk66f18.o(.text)
    DMA10_IRQHandler                         0x00000443   Thumb Code     0  startup_mk66f18.o(.text)
    DMA11_IRQHandler                         0x00000443   Thumb Code     0  startup_mk66f18.o(.text)
    DMA12_IRQHandler                         0x00000443   Thumb Code     0  startup_mk66f18.o(.text)
    DMA13_IRQHandler                         0x00000443   Thumb Code     0  startup_mk66f18.o(.text)
    DMA14_IRQHandler                         0x00000443   Thumb Code     0  startup_mk66f18.o(.text)
    DMA15_IRQHandler                         0x00000443   Thumb Code     0  startup_mk66f18.o(.text)
    DMA1_IRQHandler                          0x00000443   Thumb Code     0  startup_mk66f18.o(.text)
    DMA2_IRQHandler                          0x00000443   Thumb Code     0  startup_mk66f18.o(.text)
    DMA3_IRQHandler                          0x00000443   Thumb Code     0  startup_mk66f18.o(.text)
    DMA4_IRQHandler                          0x00000443   Thumb Code     0  startup_mk66f18.o(.text)
    DMA5_IRQHandler                          0x00000443   Thumb Code     0  startup_mk66f18.o(.text)
    DMA6_IRQHandler                          0x00000443   Thumb Code     0  startup_mk66f18.o(.text)
    DMA7_IRQHandler                          0x00000443   Thumb Code     0  startup_mk66f18.o(.text)
    DMA8_IRQHandler                          0x00000443   Thumb Code     0  startup_mk66f18.o(.text)
    DMA9_IRQHandler                          0x00000443   Thumb Code     0  startup_mk66f18.o(.text)
    DMA_Error_IRQHandler                     0x00000443   Thumb Code     0  startup_mk66f18.o(.text)
    DefaultISR                               0x00000443   Thumb Code     0  startup_mk66f18.o(.text)
    ENET_1588_Timer_IRQHandler               0x00000443   Thumb Code     0  startup_mk66f18.o(.text)
    ENET_Error_IRQHandler                    0x00000443   Thumb Code     0  startup_mk66f18.o(.text)
    ENET_Receive_IRQHandler                  0x00000443   Thumb Code     0  startup_mk66f18.o(.text)
    ENET_Transmit_IRQHandler                 0x00000443   Thumb Code     0  startup_mk66f18.o(.text)
    FTFE_IRQHandler                          0x00000443   Thumb Code     0  startup_mk66f18.o(.text)
    FTM0_IRQHandler                          0x00000443   Thumb Code     0  startup_mk66f18.o(.text)
    FTM1_IRQHandler                          0x00000443   Thumb Code     0  startup_mk66f18.o(.text)
    FTM2_IRQHandler                          0x00000443   Thumb Code     0  startup_mk66f18.o(.text)
    FTM3_IRQHandler                          0x00000443   Thumb Code     0  startup_mk66f18.o(.text)
    I2C0_IRQHandler                          0x00000443   Thumb Code     0  startup_mk66f18.o(.text)
    I2C1_IRQHandler                          0x00000443   Thumb Code     0  startup_mk66f18.o(.text)
    I2C2_IRQHandler                          0x00000443   Thumb Code     0  startup_mk66f18.o(.text)
    I2C3_IRQHandler                          0x00000443   Thumb Code     0  startup_mk66f18.o(.text)
    I2S0_Rx_IRQHandler                       0x00000443   Thumb Code     0  startup_mk66f18.o(.text)
    I2S0_Tx_IRQHandler                       0x00000443   Thumb Code     0  startup_mk66f18.o(.text)
    LLWU_IRQHandler                          0x00000443   Thumb Code     0  startup_mk66f18.o(.text)
    LPTMR0_IRQHandler                        0x00000443   Thumb Code     0  startup_mk66f18.o(.text)
    LPUART0_IRQHandler                       0x00000443   Thumb Code     0  startup_mk66f18.o(.text)
    LVD_LVW_IRQHandler                       0x00000443   Thumb Code     0  startup_mk66f18.o(.text)
    MCG_IRQHandler                           0x00000443   Thumb Code     0  startup_mk66f18.o(.text)
    MCM_IRQHandler                           0x00000443   Thumb Code     0  startup_mk66f18.o(.text)
    PDB0_IRQHandler                          0x00000443   Thumb Code     0  startup_mk66f18.o(.text)
    PIT1_IRQHandler                          0x00000443   Thumb Code     0  startup_mk66f18.o(.text)
    PIT2_IRQHandler                          0x00000443   Thumb Code     0  startup_mk66f18.o(.text)
    PIT3_IRQHandler                          0x00000443   Thumb Code     0  startup_mk66f18.o(.text)
    PORTB_IRQHandler                         0x00000443   Thumb Code     0  startup_mk66f18.o(.text)
    PORTD_IRQHandler                         0x00000443   Thumb Code     0  startup_mk66f18.o(.text)
    PORTE_IRQHandler                         0x00000443   Thumb Code     0  startup_mk66f18.o(.text)
    RNG_IRQHandler                           0x00000443   Thumb Code     0  startup_mk66f18.o(.text)
    RTC_IRQHandler                           0x00000443   Thumb Code     0  startup_mk66f18.o(.text)
    RTC_Seconds_IRQHandler                   0x00000443   Thumb Code     0  startup_mk66f18.o(.text)
    Read_Collision_IRQHandler                0x00000443   Thumb Code     0  startup_mk66f18.o(.text)
    Reserved46_IRQHandler                    0x00000443   Thumb Code     0  startup_mk66f18.o(.text)
    Reserved71_IRQHandler                    0x00000443   Thumb Code     0  startup_mk66f18.o(.text)
    Reserved84_IRQHandler                    0x00000443   Thumb Code     0  startup_mk66f18.o(.text)
    Reserved85_IRQHandler                    0x00000443   Thumb Code     0  startup_mk66f18.o(.text)
    SDHC_IRQHandler                          0x00000443   Thumb Code     0  startup_mk66f18.o(.text)
    SPI0_IRQHandler                          0x00000443   Thumb Code     0  startup_mk66f18.o(.text)
    SPI1_IRQHandler                          0x00000443   Thumb Code     0  startup_mk66f18.o(.text)
    SPI2_IRQHandler                          0x00000443   Thumb Code     0  startup_mk66f18.o(.text)
    SWI_IRQHandler                           0x00000443   Thumb Code     0  startup_mk66f18.o(.text)
    TPM1_IRQHandler                          0x00000443   Thumb Code     0  startup_mk66f18.o(.text)
    TPM2_IRQHandler                          0x00000443   Thumb Code     0  startup_mk66f18.o(.text)
    TSI0_IRQHandler                          0x00000443   Thumb Code     0  startup_mk66f18.o(.text)
    UART0_ERR_IRQHandler                     0x00000443   Thumb Code     0  startup_mk66f18.o(.text)
    UART0_RX_TX_IRQHandler                   0x00000443   Thumb Code     0  startup_mk66f18.o(.text)
    UART1_ERR_IRQHandler                     0x00000443   Thumb Code     0  startup_mk66f18.o(.text)
    UART1_RX_TX_IRQHandler                   0x00000443   Thumb Code     0  startup_mk66f18.o(.text)
    UART2_ERR_IRQHandler                     0x00000443   Thumb Code     0  startup_mk66f18.o(.text)
    UART2_RX_TX_IRQHandler                   0x00000443   Thumb Code     0  startup_mk66f18.o(.text)
    UART3_ERR_IRQHandler                     0x00000443   Thumb Code     0  startup_mk66f18.o(.text)
    UART4_ERR_IRQHandler                     0x00000443   Thumb Code     0  startup_mk66f18.o(.text)
    UART4_RX_TX_IRQHandler                   0x00000443   Thumb Code     0  startup_mk66f18.o(.text)
    USB0_IRQHandler                          0x00000443   Thumb Code     0  startup_mk66f18.o(.text)
    USBDCD_IRQHandler                        0x00000443   Thumb Code     0  startup_mk66f18.o(.text)
    USBHSDCD_IRQHandler                      0x00000443   Thumb Code     0  startup_mk66f18.o(.text)
    USBHS_IRQHandler                         0x00000443   Thumb Code     0  startup_mk66f18.o(.text)
    WDOG_EWM_IRQHandler                      0x00000443   Thumb Code     0  startup_mk66f18.o(.text)
    __scatterload                            0x0000044d   Thumb Code    28  init.o(.text)
    __scatterload_rt2                        0x0000044d   Thumb Code     0  init.o(.text)
    DMA0_IRQHandler                          0x00000471   Thumb Code    20  isr.o(i.DMA0_IRQHandler)
    Disable_Wdog                             0x00000489   Thumb Code    22  system_mk66.o(i.Disable_Wdog)
    NMI_Handler                              0x000004a5   Thumb Code     2  system_mk66.o(i.NMI_Handler)
    PIT0_IRQHandler                          0x000004d5   Thumb Code    14  isr.o(i.PIT0_IRQHandler)
    PORTA_IRQHandler                         0x000004e9   Thumb Code    10  isr.o(i.PORTA_IRQHandler)
    PORTC_IRQHandler                         0x000004f9   Thumb Code    16  isr.o(i.PORTC_IRQHandler)
    SYSTEM_CLK                               0x0000050d   Thumb Code   170  system_mk66.o(i.SYSTEM_CLK)
    Start                                    0x000005c5   Thumb Code    34  system_mk66.o(i.Start)
    UART3_RX_TX_IRQHandler                   0x000005ed   Thumb Code    22  isr.o(i.UART3_RX_TX_IRQHandler)
    VSYNC                                    0x00000609   Thumb Code    72  seekfree_mt9v032.o(i.VSYNC)
    __scatterload_copy                       0x00000661   Thumb Code    14  handlers.o(i.__scatterload_copy)
    __scatterload_null                       0x0000066f   Thumb Code     2  handlers.o(i.__scatterload_null)
    __scatterload_zeroinit                   0x00000671   Thumb Code    14  handlers.o(i.__scatterload_zeroinit)
    camera_init                              0x00000681   Thumb Code   284  seekfree_mt9v032.o(i.camera_init)
    div_set                                  0x000007c9   Thumb Code    68  system_mk66.o(i.div_set)
    dma_portx2buff_init                      0x00000815   Thumb Code   398  mk60_dma.o(i.dma_portx2buff_init)
    get_clk                                  0x000009b9   Thumb Code    94  common.o(i.get_clk)
    get_config                               0x00000a2d   Thumb Code    96  seekfree_mt9v032.o(i.get_config)
    gpio_init                                0x00000a99   Thumb Code   200  mk60_gpio.o(i.gpio_init)
    main                                     0x00000b6d   Thumb Code    48  main.o(i.main)
    mt9v032_cof_uart_interrupt               0x00000ba1   Thumb Code    68  seekfree_mt9v032.o(i.mt9v032_cof_uart_interrupt)
    port_init                                0x00000bf1   Thumb Code   102  mk60_port.o(i.port_init)
    row_finished                             0x00000c65   Thumb Code     8  seekfree_mt9v032.o(i.row_finished)
    seekfree_sendimg_032                     0x00000c71   Thumb Code    48  seekfree_mt9v032.o(i.seekfree_sendimg_032)
    systick_delay                            0x00000ca5   Thumb Code    44  mk60_systick.o(i.systick_delay)
    systick_delay_ms                         0x00000cd1   Thumb Code    32  mk60_systick.o(i.systick_delay_ms)
    uart_getchar                             0x00000cf5   Thumb Code    30  mk60_uart.o(i.uart_getchar)
    uart_init                                0x00000d19   Thumb Code   452  mk60_uart.o(i.uart_init)
    uart_putbuff                             0x00000ef1   Thumb Code    30  mk60_uart.o(i.uart_putbuff)
    uart_putchar                             0x00000f11   Thumb Code    28  mk60_uart.o(i.uart_putchar)
    uart_rx_irq_en                           0x00000f31   Thumb Code    38  mk60_uart.o(i.uart_rx_irq_en)
    Region$$Table$$Base                      0x00000fac   Number         0  anon$$obj.o(Region$$Table)
    Region$$Table$$Limit                     0x00000fcc   Number         0  anon$$obj.o(Region$$Table)
    mcgout_clk_mhz                           0x1fff0000   Data           4  common.o(.data)
    core_clk_mhz                             0x1fff0004   Data           4  common.o(.data)
    bus_clk_mhz                              0x1fff0008   Data           4  common.o(.data)
    uart                                     0x1fff000c   Data          20  mk60_uart.o(.data)
    receive                                  0x1fff0020   Data           3  seekfree_mt9v032.o(.data)
    receive_num                              0x1fff0023   Data           1  seekfree_mt9v032.o(.data)
    uart_receive_flag                        0x1fff0024   Data           1  seekfree_mt9v032.o(.data)
    MT9V032_CFG                              0x1fff0026   Data          36  seekfree_mt9v032.o(.data)
    GET_CFG                                  0x1fff004a   Data          32  seekfree_mt9v032.o(.data)
    version                                  0x1fff006a   Data           2  seekfree_mt9v032.o(.data)
    mt9v032_finish_flag                      0x1fff006c   Data           1  seekfree_mt9v032.o(.data)
    image                                    0x1fff0070   Data       22560  seekfree_mt9v032.o(.bss)
    __initial_sp                             0x1fff5c90   Data           0  startup_mk66f18.o(STACK)



==============================================================================

Memory Map of the image

  Image Entry point : 0x00000411

  Load Region LR_IROM1 (Base: 0x00000000, Size: 0x0000103c, Max: 0x00100000, ABSOLUTE)

    Execution Region ER_IROM1 (Exec base: 0x00000000, Load base: 0x00000000, Size: 0x00000fcc, Max: 0x00100000, ABSOLUTE)

    Exec Addr    Load Addr    Size         Type   Attr      Idx    E Section Name        Object

    0x00000000   0x00000000   0x00000400   Data   RO            3    RESET               startup_mk66f18.o
    0x00000400   0x00000400   0x00000010   Code   RO            4    .ARM.__at_0x400     startup_mk66f18.o
    0x00000410   0x00000410   0x00000000   Code   RO         2151  * .ARM.Collect$$$$00000000  mc_w.l(entry.o)
    0x00000410   0x00000410   0x00000004   Code   RO         2186    .ARM.Collect$$$$00000001  mc_w.l(entry2.o)
    0x00000414   0x00000414   0x00000004   Code   RO         2189    .ARM.Collect$$$$00000004  mc_w.l(entry5.o)
    0x00000418   0x00000418   0x00000000   Code   RO         2191    .ARM.Collect$$$$00000008  mc_w.l(entry7b.o)
    0x00000418   0x00000418   0x00000000   Code   RO         2193    .ARM.Collect$$$$0000000A  mc_w.l(entry8b.o)
    0x00000418   0x00000418   0x00000008   Code   RO         2194    .ARM.Collect$$$$0000000B  mc_w.l(entry9a.o)
    0x00000420   0x00000420   0x00000000   Code   RO         2196    .ARM.Collect$$$$0000000D  mc_w.l(entry10a.o)
    0x00000420   0x00000420   0x00000000   Code   RO         2198    .ARM.Collect$$$$0000000F  mc_w.l(entry11a.o)
    0x00000420   0x00000420   0x00000004   Code   RO         2187    .ARM.Collect$$$$00002712  mc_w.l(entry2.o)
    0x00000424   0x00000424   0x00000028   Code   RO            5    .text               startup_mk66f18.o
    0x0000044c   0x0000044c   0x00000024   Code   RO         2202    .text               mc_w.l(init.o)
    0x00000470   0x00000470   0x00000018   Code   RO          989    i.DMA0_IRQHandler   isr.o
    0x00000488   0x00000488   0x0000001c   Code   RO           15    i.Disable_Wdog      system_mk66.o
    0x000004a4   0x000004a4   0x00000002   Code   RO           16    i.NMI_Handler       system_mk66.o
    0x000004a6   0x000004a6   0x00000016   Code   RO          844    i.NVIC_EnableIRQ    mk60_uart.o
    0x000004bc   0x000004bc   0x00000016   Code   RO         1470    i.NVIC_EnableIRQ    seekfree_mt9v032.o
    0x000004d2   0x000004d2   0x00000002   PAD
    0x000004d4   0x000004d4   0x00000014   Code   RO          990    i.PIT0_IRQHandler   isr.o
    0x000004e8   0x000004e8   0x00000010   Code   RO          991    i.PORTA_IRQHandler  isr.o
    0x000004f8   0x000004f8   0x00000014   Code   RO          992    i.PORTC_IRQHandler  isr.o
    0x0000050c   0x0000050c   0x000000b8   Code   RO           17    i.SYSTEM_CLK        system_mk66.o
    0x000005c4   0x000005c4   0x00000028   Code   RO           18    i.Start             system_mk66.o
    0x000005ec   0x000005ec   0x0000001c   Code   RO          993    i.UART3_RX_TX_IRQHandler  isr.o
    0x00000608   0x00000608   0x00000058   Code   RO         1471    i.VSYNC             seekfree_mt9v032.o
    0x00000660   0x00000660   0x0000000e   Code   RO         2206    i.__scatterload_copy  mc_w.l(handlers.o)
    0x0000066e   0x0000066e   0x00000002   Code   RO         2207    i.__scatterload_null  mc_w.l(handlers.o)
    0x00000670   0x00000670   0x0000000e   Code   RO         2208    i.__scatterload_zeroinit  mc_w.l(handlers.o)
    0x0000067e   0x0000067e   0x00000002   PAD
    0x00000680   0x00000680   0x00000148   Code   RO         1472    i.camera_init       seekfree_mt9v032.o
    0x000007c8   0x000007c8   0x0000004c   Code   RO           19    i.div_set           system_mk66.o
    0x00000814   0x00000814   0x000001a4   Code   RO          265    i.dma_portx2buff_init  mk60_dma.o
    0x000009b8   0x000009b8   0x00000074   Code   RO          105    i.get_clk           common.o
    0x00000a2c   0x00000a2c   0x0000006c   Code   RO         1473    i.get_config        seekfree_mt9v032.o
    0x00000a98   0x00000a98   0x000000d4   Code   RO          424    i.gpio_init         mk60_gpio.o
    0x00000b6c   0x00000b6c   0x00000034   Code   RO         1092    i.main              main.o
    0x00000ba0   0x00000ba0   0x00000050   Code   RO         1475    i.mt9v032_cof_uart_interrupt  seekfree_mt9v032.o
    0x00000bf0   0x00000bf0   0x00000074   Code   RO          604    i.port_init         mk60_port.o
    0x00000c64   0x00000c64   0x0000000c   Code   RO         1476    i.row_finished      seekfree_mt9v032.o
    0x00000c70   0x00000c70   0x00000034   Code   RO         1477    i.seekfree_sendimg_032  seekfree_mt9v032.o
    0x00000ca4   0x00000ca4   0x0000002c   Code   RO          802    i.systick_delay     mk60_systick.o
    0x00000cd0   0x00000cd0   0x00000024   Code   RO          803    i.systick_delay_ms  mk60_systick.o
    0x00000cf4   0x00000cf4   0x00000024   Code   RO          846    i.uart_getchar      mk60_uart.o
    0x00000d18   0x00000d18   0x000001d8   Code   RO          847    i.uart_init         mk60_uart.o
    0x00000ef0   0x00000ef0   0x0000001e   Code   RO          848    i.uart_putbuff      mk60_uart.o
    0x00000f0e   0x00000f0e   0x00000002   PAD
    0x00000f10   0x00000f10   0x00000020   Code   RO          849    i.uart_putchar      mk60_uart.o
    0x00000f30   0x00000f30   0x0000002c   Code   RO          853    i.uart_rx_irq_en    mk60_uart.o
    0x00000f5c   0x00000f5c   0x00000028   Data   RO          427    .constdata          mk60_gpio.o
    0x00000f84   0x00000f84   0x00000028   Data   RO          606    .constdata          mk60_port.o
    0x00000fac   0x00000fac   0x00000020   Data   RO         2204    Region$$Table       anon$$obj.o


    Execution Region RW_IRAM1 (Exec base: 0x1fff0000, Load base: 0x00000fcc, Size: 0x00005c90, Max: 0x00040000, ABSOLUTE)

    Exec Addr    Load Addr    Size         Type   Attr      Idx    E Section Name        Object

    0x1fff0000   0x00000fcc   0x0000000c   Data   RW          106    .data               common.o
    0x1fff000c   0x00000fd8   0x00000014   Data   RW          856    .data               mk60_uart.o
    0x1fff0020   0x00000fec   0x0000004d   Data   RW         1481    .data               seekfree_mt9v032.o
    0x1fff006d   0x00001039   0x00000003   PAD
    0x1fff0070        -       0x00005820   Zero   RW         1480    .bss                seekfree_mt9v032.o
    0x1fff5890        -       0x00000400   Zero   RW            1    STACK               startup_mk66f18.o


==============================================================================

Image component sizes


      Code (inc. data)   RO Data    RW Data    ZI Data      Debug   Object Name

       116         22          0         12          0       2896   common.o
       108         26          0          0          0       2619   isr.o
        52          4          0          0          0        535   main.o
       420         22          0          0          0       3430   mk60_dma.o
       212         12         40          0          0       1400   mk60_gpio.o
       116         14         40          0          0       1344   mk60_port.o
        80          4          0          0          0       1239   mk60_systick.o
       636         42          0         20          0      29464   mk60_uart.o
       690         92          0         77      22560      32875   seekfree_mt9v032.o
        56         24       1024          0       1024       1244   startup_mk66f18.o
       330         34          0          0          0     731170   system_mk66.o

    ----------------------------------------------------------------------
      2820        296       1136        112      23584     808216   Object Totals
         0          0         32          0          0          0   (incl. Generated)
         4          0          0          3          0          0   (incl. Padding)

    ----------------------------------------------------------------------

      Code (inc. data)   RO Data    RW Data    ZI Data      Debug   Library Member Name

         0          0          0          0          0          0   entry.o
         0          0          0          0          0          0   entry10a.o
         0          0          0          0          0          0   entry11a.o
         8          4          0          0          0          0   entry2.o
         4          0          0          0          0          0   entry5.o
         0          0          0          0          0          0   entry7b.o
         0          0          0          0          0          0   entry8b.o
         8          4          0          0          0          0   entry9a.o
        30          0          0          0          0          0   handlers.o
        36          8          0          0          0         68   init.o

    ----------------------------------------------------------------------
        88         16          0          0          0         68   Library Totals
         2          0          0          0          0          0   (incl. Padding)

    ----------------------------------------------------------------------

      Code (inc. data)   RO Data    RW Data    ZI Data      Debug   Library Name

        86         16          0          0          0         68   mc_w.l

    ----------------------------------------------------------------------
        88         16          0          0          0         68   Library Totals

    ----------------------------------------------------------------------

==============================================================================


      Code (inc. data)   RO Data    RW Data    ZI Data      Debug   

      2908        312       1136        112      23584     805988   Grand Totals
      2908        312       1136        112      23584     805988   ELF Image Totals
      2908        312       1136        112          0          0   ROM Totals

==============================================================================

    Total RO  Size (Code + RO Data)                 4044 (   3.95kB)
    Total RW  Size (RW Data + ZI Data)             23696 (  23.14kB)
    Total ROM Size (Code + RO Data + RW Data)       4156 (   4.06kB)

==============================================================================

